\BOOKMARK [-1][-]{part.1}{\376\377\000I\000\040\000L\000i\000f\000e}{}% 1
\BOOKMARK [0][-]{chapter.1}{\376\377\000W\000h\000a\000t\000\040\000Y\000o\000u\000'\000l\000l\000\040\000W\000i\000s\000h\000\040\000Y\000o\000u\000'\000d\000\040\000K\000n\000o\000w\000n}{part.1}% 2
\BOOKMARK [0][-]{chapter.2}{\376\377\000L\000i\000f\000e\000\040\000i\000s\000\040\000S\000h\000o\000r\000t}{part.1}% 3
\BOOKMARK [-1][-]{part.2}{\376\377\000I\000I\000\040\000P\000h\000i\000l\000o\000s\000o\000p\000h\000y}{}% 4
\BOOKMARK [0][-]{chapter.3}{\376\377\000W\000h\000a\000t\000\040\000Y\000o\000u\000\040\000C\000a\000n\000'\000t\000\040\000S\000a\000y}{part.2}% 5
\BOOKMARK [-1][-]{part.3}{\376\377\000I\000I\000I\000\040\000E\000c\000o\000n\000o\000m\000i\000c\000s}{}% 6
\BOOKMARK [0][-]{chapter.4}{\376\377\000H\000o\000w\000\040\000t\000o\000\040\000M\000a\000k\000e\000\040\000W\000e\000a\000l\000t\000h}{part.3}% 7
\BOOKMARK [0][-]{chapter.5}{\376\377\000M\000i\000n\000d\000\040\000t\000h\000e\000\040\000G\000a\000p}{part.3}% 8
\BOOKMARK [-1][-]{part.4}{\376\377\000I\000V\000\040\000W\000r\000i\000t\000i\000n\000g}{}% 9
\BOOKMARK [0][-]{chapter.6}{\376\377\000T\000h\000e\000\040\000A\000g\000e\000\040\000o\000f\000\040\000t\000h\000e\000\040\000E\000s\000s\000a\000y}{part.4}% 10
\BOOKMARK [-1][-]{part.5}{\376\377\000V\000\040\000A\000r\000t}{}% 11
\BOOKMARK [0][-]{chapter.7}{\376\377\000H\000o\000w\000\040\000A\000r\000t\000\040\000C\000a\000n\000\040\000B\000e\000\040\000G\000o\000o\000d}{part.5}% 12
\BOOKMARK [0][-]{chapter.8}{\376\377\000T\000a\000s\000t\000e\000\040\000f\000o\000r\000\040\000M\000a\000k\000e\000r\000s}{part.5}% 13
\BOOKMARK [-1][-]{part.6}{\376\377\000V\000I\000\040\000W\000o\000r\000k}{}% 14
\BOOKMARK [0][-]{chapter.9}{\376\377\000B\000e\000f\000o\000r\000e\000\040\000t\000h\000e\000\040\000S\000t\000a\000r\000t\000u\000p}{part.6}% 15
\BOOKMARK [0][-]{chapter.10}{\376\377\000T\000h\000e\000\040\000P\000o\000w\000e\000r\000\040\000o\000f\000\040\000t\000h\000e\000\040\000M\000a\000r\000g\000i\000n\000a\000l}{part.6}% 16
\BOOKMARK [0][-]{chapter.11}{\376\377\000T\000h\000e\000\040\000B\000u\000s\000\040\000T\000i\000c\000k\000e\000t\000\040\000T\000h\000e\000o\000r\000y\000\040\000o\000f\000\040\000G\000e\000n\000i\000u\000s}{part.6}% 17
\BOOKMARK [0][-]{chapter.12}{\376\377\000G\000o\000o\000d\000\040\000a\000n\000d\000\040\000B\000a\000d\000\040\000P\000r\000o\000c\000r\000a\000s\000t\000i\000n\000a\000t\000i\000o\000n}{part.6}% 18
\BOOKMARK [0][-]{chapter.13}{\376\377\000M\000a\000k\000e\000r\000'\000s\000\040\000S\000c\000h\000e\000d\000u\000l\000e\000,\000\040\000M\000a\000n\000a\000g\000e\000r\000'\000s\000\040\000S\000c\000h\000e\000d\000u\000l\000e\000\040}{part.6}% 19
\BOOKMARK [-1][-]{part.7}{\376\377\000V\000I\000I\000\040\000S\000t\000a\000r\000t\000u\000p\000s}{}% 20
\BOOKMARK [0][-]{chapter.14}{\376\377\000H\000o\000w\000\040\000t\000o\000\040\000S\000t\000a\000r\000t\000\040\000a\000\040\000S\000t\000a\000r\000t\000u\000p}{part.7}% 21
\BOOKMARK [0][-]{chapter.15}{\376\377\000H\000o\000w\000\040\000t\000o\000\040\000G\000e\000t\000\040\000S\000t\000a\000r\000t\000u\000p\000\040\000I\000d\000e\000a\000s}{part.7}% 22
\BOOKMARK [0][-]{chapter.16}{\376\377\000D\000o\000\040\000T\000h\000i\000n\000g\000s\000\040\000t\000h\000a\000t\000\040\000D\000o\000n\000'\000t\000\040\000S\000c\000a\000l\000e}{part.7}% 23
\BOOKMARK [0][-]{chapter.17}{\376\377\000T\000h\000e\000\040\000H\000a\000r\000d\000e\000s\000t\000\040\000L\000e\000s\000s\000o\000n\000s\000\040\000f\000o\000r\000\040\000S\000t\000a\000r\000t\000u\000p\000s\000\040\000t\000o\000\040\000L\000e\000a\000r\000n}{part.7}% 24
