This is XeTeX, Version 3.141592653-2.6-0.999997 (TeX Live 2025) (preloaded format=xelatex 2025.3.8)  21 SEP 2025 23:14
entering extended mode
 restricted \write18 enabled.
 %&-line parsing enabled.
**01.tex
(./01.tex
LaTeX2e <2024-11-01> patch level 2
L3 programming layer <2025-01-18>
(/usr/local/texlive/2025basic/texmf-dist/tex/latex/base/book.cls
Document Class: book 2024/06/29 v1.4n Standard LaTeX document class
(/usr/local/texlive/2025basic/texmf-dist/tex/latex/base/bk12.clo
File: bk12.clo 2024/06/29 v1.4n Standard LaTeX file (size option)
)
\c@part=\count192
\c@chapter=\count193
\c@section=\count194
\c@subsection=\count195
\c@subsubsection=\count196
\c@paragraph=\count197
\c@subparagraph=\count198
\c@figure=\count199
\c@table=\count266
\abovecaptionskip=\skip49
\belowcaptionskip=\skip50
\bibindent=\dimen141
)
(/usr/local/texlive/2025basic/texmf-dist/tex/latex/fontspec/fontspec.sty
(/usr/local/texlive/2025basic/texmf-dist/tex/latex/l3packages/xparse/xparse.sty
(/usr/local/texlive/2025basic/texmf-dist/tex/latex/l3kernel/expl3.sty
Package: expl3 2025-01-18 L3 programming layer (loader) 

(/usr/local/texlive/2025basic/texmf-dist/tex/latex/l3backend/l3backend-xetex.de
f
File: l3backend-xetex.def 2024-05-08 L3 backend support: XeTeX
\g__graphics_track_int=\count267
\l__pdf_internal_box=\box52
\g__pdf_backend_annotation_int=\count268
\g__pdf_backend_link_int=\count269
))
Package: xparse 2024-08-16 L3 Experimental document command parser
)
Package: fontspec 2024/05/11 v2.9e Font selection for XeLaTeX and LuaLaTeX

(/usr/local/texlive/2025basic/texmf-dist/tex/latex/fontspec/fontspec-xetex.sty
Package: fontspec-xetex 2024/05/11 v2.9e Font selection for XeLaTeX and LuaLaTe
X
\l__fontspec_script_int=\count270
\l__fontspec_language_int=\count271
\l__fontspec_strnum_int=\count272
\l__fontspec_tmp_int=\count273
\l__fontspec_tmpa_int=\count274
\l__fontspec_tmpb_int=\count275
\l__fontspec_tmpc_int=\count276
\l__fontspec_em_int=\count277
\l__fontspec_emdef_int=\count278
\l__fontspec_strong_int=\count279
\l__fontspec_strongdef_int=\count280
\l__fontspec_tmpa_dim=\dimen142
\l__fontspec_tmpb_dim=\dimen143
\l__fontspec_tmpc_dim=\dimen144

(/usr/local/texlive/2025basic/texmf-dist/tex/latex/base/fontenc.sty
Package: fontenc 2021/04/29 v2.0v Standard LaTeX package
)
(/usr/local/texlive/2025basic/texmf-dist/tex/latex/fontspec/fontspec.cfg)))
(/usr/local/texlive/2025basic/texmf-dist/tex/latex/microtype/microtype.sty
Package: microtype 2025/02/11 v3.2a Micro-typographical refinements (RS)

(/usr/local/texlive/2025basic/texmf-dist/tex/latex/graphics/keyval.sty
Package: keyval 2022/05/29 v1.15 key=value parser (DPC)
\KV@toks@=\toks17
)
(/usr/local/texlive/2025basic/texmf-dist/tex/latex/etoolbox/etoolbox.sty
Package: etoolbox 2025/02/11 v2.5l e-TeX tools for LaTeX (JAW)
\etb@tempcnta=\count281
)
\MT@toks=\toks18
\MT@tempbox=\box53
\MT@count=\count282
LaTeX Info: Redefining \noprotrusionifhmode on input line 1087.
LaTeX Info: Redefining \leftprotrusion on input line 1088.
\MT@prot@toks=\toks19
LaTeX Info: Redefining \rightprotrusion on input line 1107.
LaTeX Info: Redefining \textls on input line 1449.
\MT@outer@kern=\dimen145
LaTeX Info: Redefining \microtypecontext on input line 2053.
LaTeX Info: Redefining \textmicrotypecontext on input line 2070.
\MT@listname@count=\count283

(/usr/local/texlive/2025basic/texmf-dist/tex/latex/microtype/microtype-xetex.de
f
File: microtype-xetex.def 2025/02/11 v3.2a Definitions specific to xetex (RS)
LaTeX Info: Redefining \lsstyle on input line 443.
LaTeX Info: Redefining \lslig on input line 451.
\MT@outer@space=\skip51
)
Package microtype Info: Loading configuration file microtype.cfg.
 (/usr/local/texlive/2025basic/texmf-dist/tex/latex/microtype/microtype.cfg
File: microtype.cfg 2025/02/11 v3.2a microtype main configuration file (RS)
)
LaTeX Info: Redefining \microtypesetup on input line 3065.
) (/usr/local/texlive/2025basic/texmf-dist/tex/latex/geometry/geometry.sty
Package: geometry 2020/01/02 v5.9 Page Geometry

(/usr/local/texlive/2025basic/texmf-dist/tex/generic/iftex/ifvtex.sty
Package: ifvtex 2019/10/25 v1.7 ifvtex legacy package. Use iftex instead.

(/usr/local/texlive/2025basic/texmf-dist/tex/generic/iftex/iftex.sty
Package: iftex 2024/12/12 v1.0g TeX engine tests
))
\Gm@cnth=\count284
\Gm@cntv=\count285
\c@Gm@tempcnt=\count286
\Gm@bindingoffset=\dimen146
\Gm@wd@mp=\dimen147
\Gm@odd@mp=\dimen148
\Gm@even@mp=\dimen149
\Gm@layoutwidth=\dimen150
\Gm@layoutheight=\dimen151
\Gm@layouthoffset=\dimen152
\Gm@layoutvoffset=\dimen153
\Gm@dimlist=\toks20
)
(/usr/local/texlive/2025basic/texmf-dist/tex/latex/hyperref/hyperref.sty
Package: hyperref 2024-11-05 v7.01l Hypertext links for LaTeX

(/usr/local/texlive/2025basic/texmf-dist/tex/latex/kvsetkeys/kvsetkeys.sty
Package: kvsetkeys 2022-10-05 v1.19 Key value parser (HO)
)
(/usr/local/texlive/2025basic/texmf-dist/tex/generic/kvdefinekeys/kvdefinekeys.
sty
Package: kvdefinekeys 2019-12-19 v1.6 Define keys (HO)
)
(/usr/local/texlive/2025basic/texmf-dist/tex/generic/pdfescape/pdfescape.sty
Package: pdfescape 2019/12/09 v1.15 Implements pdfTeX's escape features (HO)

(/usr/local/texlive/2025basic/texmf-dist/tex/generic/ltxcmds/ltxcmds.sty
Package: ltxcmds 2023-12-04 v1.26 LaTeX kernel commands for general use (HO)
)
(/usr/local/texlive/2025basic/texmf-dist/tex/generic/pdftexcmds/pdftexcmds.sty
Package: pdftexcmds 2020-06-27 v0.33 Utility functions of pdfTeX for LuaTeX (HO
)

(/usr/local/texlive/2025basic/texmf-dist/tex/generic/infwarerr/infwarerr.sty
Package: infwarerr 2019/12/03 v1.5 Providing info/warning/error messages (HO)
)
Package pdftexcmds Info: \pdf@primitive is available.
Package pdftexcmds Info: \pdf@ifprimitive is available.
Package pdftexcmds Info: \pdfdraftmode not found.
)) (/usr/local/texlive/2025basic/texmf-dist/tex/latex/hycolor/hycolor.sty
Package: hycolor 2020-01-27 v1.10 Color options for hyperref/bookmark (HO)
)
(/usr/local/texlive/2025basic/texmf-dist/tex/latex/hyperref/nameref.sty
Package: nameref 2023-11-26 v2.56 Cross-referencing by name of section

(/usr/local/texlive/2025basic/texmf-dist/tex/latex/refcount/refcount.sty
Package: refcount 2019/12/15 v3.6 Data extraction from label references (HO)
)
(/usr/local/texlive/2025basic/texmf-dist/tex/generic/gettitlestring/gettitlestr
ing.sty
Package: gettitlestring 2019/12/15 v1.6 Cleanup title references (HO)

(/usr/local/texlive/2025basic/texmf-dist/tex/latex/kvoptions/kvoptions.sty
Package: kvoptions 2022-06-15 v3.15 Key value format for package options (HO)
))
\c@section@level=\count287
)
(/usr/local/texlive/2025basic/texmf-dist/tex/generic/stringenc/stringenc.sty
Package: stringenc 2019/11/29 v1.12 Convert strings between diff. encodings (HO
)
)
\@linkdim=\dimen154
\Hy@linkcounter=\count288
\Hy@pagecounter=\count289

(/usr/local/texlive/2025basic/texmf-dist/tex/latex/hyperref/pd1enc.def
File: pd1enc.def 2024-11-05 v7.01l Hyperref: PDFDocEncoding definition (HO)
)
(/usr/local/texlive/2025basic/texmf-dist/tex/generic/intcalc/intcalc.sty
Package: intcalc 2019/12/15 v1.3 Expandable calculations with integers (HO)
)
\Hy@SavedSpaceFactor=\count290

(/usr/local/texlive/2025basic/texmf-dist/tex/latex/hyperref/puenc.def
File: puenc.def 2024-11-05 v7.01l Hyperref: PDF Unicode definition (HO)
)
Package hyperref Info: Hyper figures OFF on input line 4157.
Package hyperref Info: Link nesting OFF on input line 4162.
Package hyperref Info: Hyper index ON on input line 4165.
Package hyperref Info: Plain pages OFF on input line 4172.
Package hyperref Info: Backreferencing OFF on input line 4177.
Package hyperref Info: Implicit mode ON; LaTeX internals redefined.
Package hyperref Info: Bookmarks ON on input line 4424.
\c@Hy@tempcnt=\count291

(/usr/local/texlive/2025basic/texmf-dist/tex/latex/url/url.sty
\Urlmuskip=\muskip17
Package: url 2013/09/16  ver 3.4  Verb mode for urls, etc.
)
LaTeX Info: Redefining \url on input line 4763.
\XeTeXLinkMargin=\dimen155

(/usr/local/texlive/2025basic/texmf-dist/tex/generic/bitset/bitset.sty
Package: bitset 2019/12/09 v1.3 Handle bit-vector datatype (HO)

(/usr/local/texlive/2025basic/texmf-dist/tex/generic/bigintcalc/bigintcalc.sty
Package: bigintcalc 2019/12/15 v1.5 Expandable calculations on big integers (HO
)
))
\Fld@menulength=\count292
\Field@Width=\dimen156
\Fld@charsize=\dimen157
Package hyperref Info: Hyper figures OFF on input line 6042.
Package hyperref Info: Link nesting OFF on input line 6047.
Package hyperref Info: Hyper index ON on input line 6050.
Package hyperref Info: backreferencing OFF on input line 6057.
Package hyperref Info: Link coloring OFF on input line 6062.
Package hyperref Info: Link coloring with OCG OFF on input line 6067.
Package hyperref Info: PDF/A mode OFF on input line 6072.
 (/usr/local/texlive/2025basic/texmf-dist/tex/latex/base/atbegshi-ltx.sty
Package: atbegshi-ltx 2021/01/10 v1.0c Emulation of the original atbegshi
package with kernel methods
)
\Hy@abspage=\count293
\c@Item=\count294
\c@Hfootnote=\count295
)
Package hyperref Info: Driver (autodetected): hxetex.

(/usr/local/texlive/2025basic/texmf-dist/tex/latex/hyperref/hxetex.def
File: hxetex.def 2024-11-05 v7.01l Hyperref driver for XeTeX
\pdfm@box=\box54
\c@Hy@AnnotLevel=\count296
\HyField@AnnotCount=\count297
\Fld@listcount=\count298
\c@bookmark@seq@number=\count299

(/usr/local/texlive/2025basic/texmf-dist/tex/latex/rerunfilecheck/rerunfilechec
k.sty
Package: rerunfilecheck 2022-07-10 v1.10 Rerun checks for auxiliary files (HO)
 (/usr/local/texlive/2025basic/texmf-dist/tex/latex/base/atveryend-ltx.sty
Package: atveryend-ltx 2020/08/19 v1.0a Emulation of the original atveryend pac
kage
with kernel methods
)
(/usr/local/texlive/2025basic/texmf-dist/tex/generic/uniquecounter/uniquecounte
r.sty
Package: uniquecounter 2019/12/15 v1.4 Provide unlimited unique counter (HO)
)
Package uniquecounter Info: New unique counter `rerunfilecheck' on input line 2
85.
)
\Hy@SectionHShift=\skip52
)
(/usr/local/texlive/2025basic/texmf-dist/tex/latex/graphics/graphicx.sty
Package: graphicx 2021/09/16 v1.2d Enhanced LaTeX Graphics (DPC,SPQR)

(/usr/local/texlive/2025basic/texmf-dist/tex/latex/graphics/graphics.sty
Package: graphics 2024/08/06 v1.4g Standard LaTeX Graphics (DPC,SPQR)

(/usr/local/texlive/2025basic/texmf-dist/tex/latex/graphics/trig.sty
Package: trig 2023/12/02 v1.11 sin cos tan (DPC)
)
(/usr/local/texlive/2025basic/texmf-dist/tex/latex/graphics-cfg/graphics.cfg
File: graphics.cfg 2016/06/04 v1.11 sample graphics configuration
)
Package graphics Info: Driver file: xetex.def on input line 106.

(/usr/local/texlive/2025basic/texmf-dist/tex/latex/graphics-def/xetex.def
File: xetex.def 2022/09/22 v5.0n Graphics/color driver for xetex
))
\Gin@req@height=\dimen158
\Gin@req@width=\dimen159
)

Package fontspec Info: 
(fontspec)             Font family 'Baskerville(0)' created for font
(fontspec)             'Baskerville' with options [Ligatures=TeX].
(fontspec)              
(fontspec)              This font family consists of the following NFSS
(fontspec)             series/shapes:
(fontspec)              
(fontspec)             - 'normal' (m/n) with NFSS spec.:
(fontspec)             <->"Baskerville/AAT:mapping=tex-text;"
(fontspec)             - 'bold' (b/n) with NFSS spec.:
(fontspec)             <->"Baskerville/B/AAT:mapping=tex-text;"
(fontspec)             - 'italic' (m/it) with NFSS spec.:
(fontspec)             <->"Baskerville/I/AAT:mapping=tex-text;"
(fontspec)             - 'bold italic' (b/it) with NFSS spec.:
(fontspec)             <->"Baskerville/BI/AAT:mapping=tex-text;"


(/usr/local/texlive/2025basic/texmf-dist/tex/latex/tocloft/tocloft.sty
Package: tocloft 2017/08/31 v2.3i parameterised ToC, etc., typesetting
Package tocloft Info: The document has chapter divisions on input line 51.
\cftparskip=\skip53
\cftbeforetoctitleskip=\skip54
\cftaftertoctitleskip=\skip55
\cftbeforepartskip=\skip56
\cftpartnumwidth=\skip57
\cftpartindent=\skip58
\cftbeforechapskip=\skip59
\cftchapindent=\skip60
\cftchapnumwidth=\skip61
\cftbeforesecskip=\skip62
\cftsecindent=\skip63
\cftsecnumwidth=\skip64
\cftbeforesubsecskip=\skip65
\cftsubsecindent=\skip66
\cftsubsecnumwidth=\skip67
\cftbeforesubsubsecskip=\skip68
\cftsubsubsecindent=\skip69
\cftsubsubsecnumwidth=\skip70
\cftbeforeparaskip=\skip71
\cftparaindent=\skip72
\cftparanumwidth=\skip73
\cftbeforesubparaskip=\skip74
\cftsubparaindent=\skip75
\cftsubparanumwidth=\skip76
\cftbeforeloftitleskip=\skip77
\cftafterloftitleskip=\skip78
\cftbeforefigskip=\skip79
\cftfigindent=\skip80
\cftfignumwidth=\skip81
\c@lofdepth=\count300
\c@lotdepth=\count301
\cftbeforelottitleskip=\skip82
\cftafterlottitleskip=\skip83
\cftbeforetabskip=\skip84
\cfttabindent=\skip85
\cfttabnumwidth=\skip86
)
(/usr/local/texlive/2025basic/texmf-dist/tex/latex/fancyhdr/fancyhdr.sty
Package: fancyhdr 2025/02/07 v5.2 Extensive control of page headers and footers

\f@nch@headwidth=\skip87
\f@nch@offset@elh=\skip88
\f@nch@offset@erh=\skip89
\f@nch@offset@olh=\skip90
\f@nch@offset@orh=\skip91
\f@nch@offset@elf=\skip92
\f@nch@offset@erf=\skip93
\f@nch@offset@olf=\skip94
\f@nch@offset@orf=\skip95
\f@nch@height=\skip96
\f@nch@footalignment=\skip97
\f@nch@widthL=\skip98
\f@nch@widthC=\skip99
\f@nch@widthR=\skip100
\@temptokenb=\toks21
)
Package hyperref Info: Option `colorlinks' set `true' on input line 33.

(./01.aux)
\openout1 = `01.aux'.

LaTeX Font Info:    Checking defaults for OML/cmm/m/it on input line 40.
LaTeX Font Info:    ... okay on input line 40.
LaTeX Font Info:    Checking defaults for OMS/cmsy/m/n on input line 40.
LaTeX Font Info:    ... okay on input line 40.
LaTeX Font Info:    Checking defaults for OT1/cmr/m/n on input line 40.
LaTeX Font Info:    ... okay on input line 40.
LaTeX Font Info:    Checking defaults for T1/cmr/m/n on input line 40.
LaTeX Font Info:    ... okay on input line 40.
LaTeX Font Info:    Checking defaults for TS1/cmr/m/n on input line 40.
LaTeX Font Info:    ... okay on input line 40.
LaTeX Font Info:    Checking defaults for TU/lmr/m/n on input line 40.
LaTeX Font Info:    ... okay on input line 40.
LaTeX Font Info:    Checking defaults for OMX/cmex/m/n on input line 40.
LaTeX Font Info:    ... okay on input line 40.
LaTeX Font Info:    Checking defaults for U/cmr/m/n on input line 40.
LaTeX Font Info:    ... okay on input line 40.
LaTeX Font Info:    Checking defaults for PD1/pdf/m/n on input line 40.
LaTeX Font Info:    ... okay on input line 40.
LaTeX Font Info:    Checking defaults for PU/pdf/m/n on input line 40.
LaTeX Font Info:    ... okay on input line 40.

Package fontspec Info: 
(fontspec)             Adjusting the maths setup (use [no-math] to avoid
(fontspec)             this).

\symlegacymaths=\mathgroup4
LaTeX Font Info:    Overwriting symbol font `legacymaths' in version `bold'
(Font)                  OT1/cmr/m/n --> OT1/cmr/bx/n on input line 40.
LaTeX Font Info:    Redeclaring math accent \acute on input line 40.
LaTeX Font Info:    Redeclaring math accent \grave on input line 40.
LaTeX Font Info:    Redeclaring math accent \ddot on input line 40.
LaTeX Font Info:    Redeclaring math accent \tilde on input line 40.
LaTeX Font Info:    Redeclaring math accent \bar on input line 40.
LaTeX Font Info:    Redeclaring math accent \breve on input line 40.
LaTeX Font Info:    Redeclaring math accent \check on input line 40.
LaTeX Font Info:    Redeclaring math accent \hat on input line 40.
LaTeX Font Info:    Redeclaring math accent \dot on input line 40.
LaTeX Font Info:    Redeclaring math accent \mathring on input line 40.
LaTeX Font Info:    Redeclaring math symbol \colon on input line 40.
LaTeX Font Info:    Redeclaring math symbol \Gamma on input line 40.
LaTeX Font Info:    Redeclaring math symbol \Delta on input line 40.
LaTeX Font Info:    Redeclaring math symbol \Theta on input line 40.
LaTeX Font Info:    Redeclaring math symbol \Lambda on input line 40.
LaTeX Font Info:    Redeclaring math symbol \Xi on input line 40.
LaTeX Font Info:    Redeclaring math symbol \Pi on input line 40.
LaTeX Font Info:    Redeclaring math symbol \Sigma on input line 40.
LaTeX Font Info:    Redeclaring math symbol \Upsilon on input line 40.
LaTeX Font Info:    Redeclaring math symbol \Phi on input line 40.
LaTeX Font Info:    Redeclaring math symbol \Psi on input line 40.
LaTeX Font Info:    Redeclaring math symbol \Omega on input line 40.
LaTeX Font Info:    Redeclaring math symbol \mathdollar on input line 40.
LaTeX Font Info:    Redeclaring symbol font `operators' on input line 40.
LaTeX Font Info:    Encoding `OT1' has changed to `TU' for symbol font
(Font)              `operators' in the math version `normal' on input line 40.
LaTeX Font Info:    Overwriting symbol font `operators' in version `normal'
(Font)                  OT1/cmr/m/n --> TU/Baskerville(0)/m/n on input line 40.

LaTeX Font Info:    Encoding `OT1' has changed to `TU' for symbol font
(Font)              `operators' in the math version `bold' on input line 40.
LaTeX Font Info:    Overwriting symbol font `operators' in version `bold'
(Font)                  OT1/cmr/bx/n --> TU/Baskerville(0)/m/n on input line 40
.
LaTeX Font Info:    Overwriting symbol font `operators' in version `normal'
(Font)                  TU/Baskerville(0)/m/n --> TU/Baskerville(0)/m/n on inpu
t line 40.
LaTeX Font Info:    Overwriting math alphabet `\mathit' in version `normal'
(Font)                  OT1/cmr/m/it --> TU/Baskerville(0)/m/it on input line 4
0.
LaTeX Font Info:    Overwriting math alphabet `\mathbf' in version `normal'
(Font)                  OT1/cmr/bx/n --> TU/Baskerville(0)/b/n on input line 40
.
LaTeX Font Info:    Overwriting math alphabet `\mathsf' in version `normal'
(Font)                  OT1/cmss/m/n --> TU/lmss/m/n on input line 40.
LaTeX Font Info:    Overwriting math alphabet `\mathtt' in version `normal'
(Font)                  OT1/cmtt/m/n --> TU/lmtt/m/n on input line 40.
LaTeX Font Info:    Overwriting symbol font `operators' in version `bold'
(Font)                  TU/Baskerville(0)/m/n --> TU/Baskerville(0)/b/n on inpu
t line 40.
LaTeX Font Info:    Overwriting math alphabet `\mathit' in version `bold'
(Font)                  OT1/cmr/bx/it --> TU/Baskerville(0)/b/it on input line 
40.
LaTeX Font Info:    Overwriting math alphabet `\mathsf' in version `bold'
(Font)                  OT1/cmss/bx/n --> TU/lmss/b/n on input line 40.
LaTeX Font Info:    Overwriting math alphabet `\mathtt' in version `bold'
(Font)                  OT1/cmtt/m/n --> TU/lmtt/b/n on input line 40.
LaTeX Info: Redefining \microtypecontext on input line 40.
Package microtype Info: Applying patch `item' on input line 40.
Package microtype Info: Applying patch `toc' on input line 40.
Package microtype Info: Applying patch `eqnum' on input line 40.
Package microtype Info: Applying patch `footnote' on input line 40.
Package microtype Info: Applying patch `verbatim' on input line 40.
LaTeX Info: Redefining \microtypesetup on input line 40.
Package microtype Info: Character protrusion enabled (level 2).
Package microtype Info: Using default protrusion set `alltext'.
Package microtype Info: No adjustment of tracking.
Package microtype Info: No adjustment of spacing.
Package microtype Info: No adjustment of kerning.
Package microtype Info: Loading generic protrusion settings for font family
(microtype)             `Baskerville' (encoding: TU).
(microtype)             For optimal results, create family-specific settings.
(microtype)             See the microtype manual for details.

*geometry* driver: auto-detecting
*geometry* detected driver: xetex
*geometry* verbose mode - [ preamble ] result:
* driver: xetex
* paper: custom
* layout: <same size as paper>
* layoutoffset:(h,v)=(0.0pt,0.0pt)
* modes: twoside 
* h-part:(L,W,R)=(50.58878pt, 350.50995pt, 50.58878pt)
* v-part:(T,H,B)=(50.58878pt, 567.31995pt, 50.58878pt)
* \paperwidth=451.6875pt
* \paperheight=668.4975pt
* \textwidth=350.50995pt
* \textheight=567.31995pt
* \oddsidemargin=-21.68121pt
* \evensidemargin=-21.68121pt
* \topmargin=-53.55501pt
* \headheight=15.0pt
* \headsep=19.8738pt
* \topskip=12.0pt
* \footskip=30.0pt
* \marginparwidth=98.0pt
* \marginparsep=7.0pt
* \columnsep=10.0pt
* \skip\footins=10.8pt plus 4.0pt minus 2.0pt
* \hoffset=0.0pt
* \voffset=0.0pt
* \mag=1000
* \@twocolumnfalse
* \@twosidetrue
* \@mparswitchtrue
* \@reversemarginfalse
* (1in=72.27pt=25.4mm, 1cm=28.453pt)

(/usr/local/texlive/2025basic/texmf-dist/tex/latex/graphics/color.sty
Package: color 2024/06/23 v1.3e Standard LaTeX Color (DPC)

(/usr/local/texlive/2025basic/texmf-dist/tex/latex/graphics-cfg/color.cfg
File: color.cfg 2016/01/02 v1.6 sample color configuration
)
Package color Info: Driver file: xetex.def on input line 149.

(/usr/local/texlive/2025basic/texmf-dist/tex/latex/graphics/mathcolor.ltx))
Package hyperref Info: Link coloring ON on input line 40.

(./01.out) (./01.out)
\@outlinefile=\write3
\openout3 = `01.out'.

LaTeX Font Info:    External font `cmex10' loaded for size
(Font)              <14.4> on input line 43.
LaTeX Font Info:    External font `cmex10' loaded for size
(Font)              <7> on input line 43.

(/usr/local/texlive/2025basic/texmf-dist/tex/latex/microtype/mt-cmr.cfg
File: mt-cmr.cfg 2013/05/19 v2.2 microtype config. file: Computer Modern Roman 
(RS)
)

[1



] (./01.toc
LaTeX Font Info:    External font `cmex10' loaded for size
(Font)              <12> on input line 1.
LaTeX Font Info:    External font `cmex10' loaded for size
(Font)              <8> on input line 1.
LaTeX Font Info:    External font `cmex10' loaded for size
(Font)              <6> on input line 1.


[2]

[3]

[4]

[5]

[6]

[7]

[8]

[9])
\tf@toc=\write4
\openout4 = `01.toc'.



[10]
Chapter 1.


[1



]

[2]
Chapter 2.


[3

]

[4]
LaTeX Font Info:    External font `cmex10' loaded for size
(Font)              <5> on input line 154.


[5]

[6

]
Chapter 3.


[7]

[8]

[9]

[10]

[11]

[12]

[13]

[14

]
Chapter 4.


[15]

[16]

[17]

[18]

[19]

[20]

[21]

[22]

[23]

[24]

[25]

[26]
Chapter 5.


[27

]

[28]

[29]

[30]
Chapter 6.


[31

]

[32]

[33]

[34]

[35]

[36]

[37]

[38]

[39]

[40]

[41]

[42]

[43]

[44]

[45]

[46]

[47]

[48]

[49]

[50]

[51]

[52

]
Chapter 7.


[53]

[54]

[55]

[56]

[57]

[58]

[59]

[60]

[61]

[62]
Chapter 8.
File: ../../images/the-roots-of-lisp-14.jpg Graphic file (type bmp)
<../../images/the-roots-of-lisp-14.jpg>


[63

]

[64]
Chapter 9.


[65

]

[66]

[67]

[68]

[69]

[70]

[71]

[72]

[73]

[74]

[75]

[76]

[77]

[78]

[79]

[80]

[81]

[82]

[83]

[84]

[85]

[86]

[87]

[88]

[89]

[90]

[91]

[92]

[93]

[94]

[95]

[96

]
Chapter 10.


[97]

[98]

[99]

[100

]
Chapter 11.


[101]

[102]
Chapter 12.
File: ../../images/taste-for-makers-12.jpg Graphic file (type bmp)
<../../images/taste-for-makers-12.jpg>


[103

]

[104]

[105]

[106]

[107]

[108]

[109]

[110]

[111]

[112]

[113]

[114]

[115]

[116

]
Chapter 13.


[117]

[118]
Chapter 14.


[119

]

[120]

[121]

[122]
Underfull \hbox (badness 10000) in paragraph at lines 4350--4355
[]\TU/Baskerville(0)/m/n/12 Comparisons between Ericsson-internal development
 []



[123]

[124]

[125]

[126]
Package microtype Info: Loading generic protrusion settings for font family
(microtype)             `lmtt' (encoding: TU).
(microtype)             For optimal results, create family-specific settings.
(microtype)             See the microtype manual for details.


[127]

[128

]
Chapter 15.


[129]

[130]

[131]

[132]

[133]

[134]

[135]

[136]

[137]

[138]

[139]

[140]

[141]

[142]

[143]

[144]

[145]

[146]

[147]

[148

]
Chapter 16.


[149]

[150]

[151]

[152]

[153]

[154]

[155]

[156]

[157]

[158]

[159]

[160]

[161]

[162]

[163]

[164]

[165]

[166]
Chapter 17.


[167

]

[168]

[169]

[170]

[171]

[172]

[173]

[174]
Chapter 18.

Underfull \hbox (badness 10000) in paragraph at lines 6314--6314
[][][]\TU/Baskerville(0)/m/n/10 Paul Graham. “A Plan for Spam.’’ August 2002.
 []



[175

]

[176]
Underfull \hbox (badness 1019) in paragraph at lines 6398--6398
[][][]\TU/Baskerville(0)/m/n/10 Bill Yerazunis. “Sparse Binary Polynomial Hash 
Message Filtering and The
 []



[177]

[178]

LaTeX Warning: Command \` invalid in math mode on input line 6496.


LaTeX Warning: Command \` invalid in math mode on input line 6496.

Missing character: There is no ̀ ("300) in font cmmi10!
Missing character: There is no ̀ ("300) in font cmmi10!

LaTeX Warning: Command \` invalid in math mode on input line 6496.


LaTeX Warning: Command \` invalid in math mode on input line 6496.

Missing character: There is no ̀ ("300) in font cmmi10!
Missing character: There is no ̀ ("300) in font cmmi10!


[179]

[180]

[181]

[182]

[183]

[184]

[185]

[186]

[187]

[188

]
Chapter 19.
File: ../../images/why-nerds-are-unpopular-12.jpg Graphic file (type bmp)
<../../images/why-nerds-are-unpopular-12.jpg>


[189]

[190]

[191]

[192]

[193]

[194]

[195]

[196]

[197]

[198]

[199]

[200]

[201]

[202]

[203]

[204]
Chapter 20.
File: ../../images/the-hundred-year-language-12.jpg Graphic file (type bmp)
<../../images/the-hundred-year-language-12.jpg>


[205

]

[206]

[207]

[208]

[209]

[210]

[211]

[212]

[213]

[214]

[215]

[216]

[217]

[218]
Chapter 21.


[219

]

[220]
Chapter 22.


[221

]

[222]

[223]

[224]

[225]

[226]

[227]

[228]

[229]

[230]

[231]

[232]

[233]

[234]

[235]

[236

]
Chapter 23.


[237]

[238]

[239]

[240

]
Chapter 24.
File: ../../images/what-you-can-t-say-12.jpg Graphic file (type bmp)
<../../images/what-you-can-t-say-12.jpg>


[241]

[242]

[243]

[244]
Underfull \hbox (badness 1325) in paragraph at lines 8815--8821
[]\TU/Baskerville(0)/m/n/12 Changes between the past and the present sometimes 
do represent
 []



[245]

[246]

[247]

[248]

[249]

[250]

[251]

[252]

[253]

[254]

[255]

[256]

[257]

[258

]
Chapter 25.
File: ../../images/the-word-hacker-12.jpg Graphic file (type bmp)
<../../images/the-word-hacker-12.jpg>


[259]

[260]

[261]

[262]

[263]

[264]
Chapter 26.


[265

]

[266]

[267]

[268]

[269]

[270]

LaTeX Warning: Hyper reference `f5bn' on page 271 undefined on input line 9795.




[271]

[272]

[273]

[274]

[275]

[276]

[277]

[278]

[279]

[280]

[281]

[282]

[283]

[284]

[285]

[286]

[287]

[288

]
Chapter 27.


[289]

[290]

[291]

[292]

[293]

[294]

[295]

[296]

[297]

[298]

[299]

[300]

[301]

[302]
Chapter 28.


[303

]

[304]

[305]

[306]

[307]

[308]

[309]

[310]

[311]

[312]

[313]

[314]

[315]

[316]
Chapter 29.


[317

]

[318]
Chapter 30.
File: ../../images/the-age-of-the-essay-12.jpg Graphic file (type bmp)
<../../images/the-age-of-the-essay-12.jpg>


[319

]

[320]

[321]

[322]

[323]

[324]

[325]

[326]

[327]

[328]

[329]

[330]

[331]

[332

]
Chapter 31.
File: ../../images/what-the-bubble-got-right-12.jpg Graphic file (type bmp)
<../../images/what-the-bubble-got-right-12.jpg>


[333]

[334]

[335]

[336]

[337]

[338]

[339]

[340]

[341]

[342]

[343]

[344

]
Chapter 32.


[345]

[346]

[347]

[348]

[349]

[350]

[351]

[352]

[353]

[354]

[355]

[356

]
Chapter 33.
File: ../../images/bradley-s-ghost-17.jpg Graphic file (type bmp)
<../../images/bradley-s-ghost-17.jpg>


[357]

[358]

[359]

[360

]
Chapter 34.
File: ../../images/it-s-charisma-stupid-12.jpg Graphic file (type bmp)
<../../images/it-s-charisma-stupid-12.jpg>


[361]

[362]

[363]

[364]

[365]

[366

]
Chapter 35.
File: ../../images/made-in-usa-12.jpg Graphic file (type bmp)
<../../images/made-in-usa-12.jpg>


[367]

[368]

[369]

[370]

[371]

[372]
Chapter 36.


[373

]

[374]

[375]

[376]

[377]

[378]

[379]

[380]

[381]

[382]

[383]

[384]

[385]

[386

]
Chapter 37.


[387]

[388]

[389]

[390]

[391]

[392]

[393]

[394]

[395]

[396]

[397]

[398]

[399]

[400]

[401]

[402]

[403]

[404]

[405]

[406]

[407]

[408]

[409]

[410]

[411]

[412

]
Chapter 38.


[413]

[414]

[415]

[416]

[417]

[418

]
Chapter 39.
File: ../../images/undergraduation-12.jpg Graphic file (type bmp)
<../../images/undergraduation-12.jpg>


[419]

[420]

[421]

[422]

[423]

[424]

[425]

[426]
Underfull \hbox (badness 1152) in paragraph at lines 15324--15332
[]\TU/Baskerville(0)/m/n/12 The greatest advantage of a PhD (besides being the 
union card of
 []



[427]

[428]
Chapter 40.


[429

]

[430]
Chapter 41.


[431

]

[432]

[433]

[434]
Chapter 42.


[435

]

[436]

[437]

[438]

[439]

[440]

[441]

[442]

[443]

[444

]
Chapter 43.


[445]

[446]

[447]

[448]

[449]

[450]

[451]

[452

]
Chapter 44.
File: ../../images/hiring-is-obsolete-12.jpg Graphic file (type bmp)
<../../images/hiring-is-obsolete-12.jpg>


[453]

[454]

[455]

[456]

[457]

[458]

[459]

[460]

[461]

[462]

[463]

[464]

[465]

[466]
Chapter 45.


[467

]

[468]

[469]

[470]

[471]

[472]

[473]

[474]

[475]

[476]

[477]

[478]
Chapter 46.


[479

]

[480]
Chapter 47.


[481

]

[482]

[483]

[484]

[485]

[486]

[487]

[488]
Chapter 48.
File: ../../images/what-i-did-this-summer-12.jpg Graphic file (type bmp)
<../../images/what-i-did-this-summer-12.jpg>


[489

]

[490]

[491]

[492]

[493]

[494]

[495]

[496]
Chapter 49.


[497

]

[498]

[499]

[500]

[501]

[502]

[503]

[504]

[505]

[506]

[507]

[508

]
Chapter 50.


[509]

[510]

[511]

[512]

[513]

[514

]
Chapter 51.


[515]

[516]

[517]

[518]

[519]

[520]

[521]

[522]

[523]

[524]

[525]

[526]

[527]

[528]

[529]

[530]

[531]

[532]

[533]

[534]

[535]

[536]

[537]

[538]
Chapter 52.


[539

]

[540]

[541]

[542]

[543]

[544]

[545]

[546]

[547]

[548]
Chapter 53.


[549

]

[550]

[551]

[552]

[553]

[554]
Chapter 54.

Underfull \hbox (badness 2134) in paragraph at lines 19964--19969
[]\TU/Baskerville(0)/m/n/12 The world then was divided into two groups, grownup
s and kids.
 []



[555

]

[556]

[557]

[558]

[559]

[560]

[561]

[562]

[563]

[564]

[565]

[566]

[567]

[568

]
Chapter 55.


[569]

[570]
Chapter 56.


[571

]

[572]

[573]

[574

]
Chapter 57.


[575]

[576]

[577]

[578]

[579]

[580]

[581]

[582]

[583]

[584]

[585]

[586]

[587]

[588

]
Chapter 58.


[589]

[590]

[591]

[592

]
Chapter 59.


[593]

[594]

[595]

[596]

[597]

[598]

[599]

[600]

[601]

[602]

[603]

[604]

[605]

[606]
Chapter 60.


[607

]

[608]

[609]

[610]

[611]

[612]

[613]

[614]

[615]

[616]

[617]

[618

]
Chapter 61.


[619]

[620]

[621]

[622]
Underfull \hbox (badness 4156) in paragraph at lines 22217--22220
[]\TU/Baskerville(0)/m/n/12 Performance isn’t everything, you say? Well, are au
to workers,
 []



[623]

[624]

[625]

[626]

[627]

[628]

[629]

[630]

[631]
Underfull \hbox (badness 1616) in paragraph at lines 22567--22571
[]\TU/Baskerville(0)/b/n/12 Thanks \TU/Baskerville(0)/m/n/12 to Trevor Blackwel
l, Matthias Felleisen, Jessica Livingston,
 []



[632]
Chapter 62.

Underfull \hbox (badness 1406) in paragraph at lines 22593--22602
[]\TU/Baskerville(0)/m/n/12 Some of Silicon Valley’s most famous companies bega
n in garages:
 []



[633

]

[634]

[635]

[636]

[637]

[638]

[639]

[640]

[641]

[642]

[643]

[644]

[645]

[646]

[647]

[648]

[649]

[650

]
Chapter 63.
File: ../../images/the-island-test-12.jpg Graphic file (type bmp)
<../../images/the-island-test-12.jpg>


[651]

[652]

[653]

[654

]
Chapter 64.
File: ../../images/copy-what-you-like-12.jpg Graphic file (type bmp)
<../../images/copy-what-you-like-12.jpg>


[655]

[656]

[657]

[658

]
Chapter 65.
File: ../../images/how-to-present-to-investors-12.jpg Graphic file (type bmp)
<../../images/how-to-present-to-investors-12.jpg>


[659]

[660]

[661]

[662]

[663]

[664]

[665]

[666]

[667]

[668

]
Chapter 66.


[669]

[670]

[671]

[672]

[673]

[674]

[675]

[676]

[677]

[678]

[679]

[680]

[681]

[682]

[683]

[684]

[685]

[686

]
Chapter 67.


[687]

[688]

[689]

[690]

[691]

[692]

[693]

[694]

[695]

[696]

[697]

[698]

[699]

[700]

[701]

[702]
Chapter 68.
File: ../../images/how-art-can-be-good-12.jpg Graphic file (type bmp)
<../../images/how-art-can-be-good-12.jpg>


[703

]

[704]

[705]

[706]

[707]

[708]

[709]

[710]

[711]

[712]
Chapter 69.


[713

]

[714]

[715]

[716

]
Chapter 70.


[717]

[718]

[719]

[720]

[721]

[722]

[723]

[724]

[725]

[726]
Chapter 71.


[727

]

[728]

[729]

[730]

[731]

[732]

[733]

[734]

[735]

[736]

[737]

[738]

[739]

[740]

[741]

[742]

[743]

[744

]
Chapter 72.


[745]

[746]

[747]

[748]
Chapter 73.


[749

]

[750]

[751]

[752

]
Chapter 74.


[753]

[754]

[755]

[756]

[757]

[758]

[759]

[760]

[761]

[762]

[763]

[764]

[765]

[766]

[767]

[768]

[769]

[770

]
Chapter 75.
File: ../../images/an-alternative-theory-of-unions-12.jpg Graphic file (type bm
p)
<../../images/an-alternative-theory-of-unions-12.jpg>


[771]

[772]

[773]

[774

]
Chapter 76.


[775]

[776]

[777]

[778]
Chapter 77.


[779

]

[780]

[781]

[782]
Chapter 78.


[783

]

[784]

[785]

[786]

[787]

[788]
Chapter 79.


[789

]

[790]

[791]

[792]

[793]

[794]
Chapter 80.


[795

]

[796]

[797]

[798]

[799]

[800]
Chapter 81.
File: ../../images/how-to-do-philosophy-12.jpg Graphic file (type bmp)
<../../images/how-to-do-philosophy-12.jpg>


[801

]

[802]

[803]

[804]

[805]

[806]

[807]

[808]

[809]

[810]

[811]

[812]

[813]

[814

]
Chapter 82.


[815]

[816]

[817]

[818]

[819]

[820]

[821]

[822]

[823]

[824]
Chapter 83.
File: ../../images/why-to-move-to-a-startup-hub-12.jpg Graphic file (type bmp)
<../../images/why-to-move-to-a-startup-hub-12.jpg>


[825

]

[826]

[827]

[828]

[829]

[830

]
Chapter 84.
File: ../../images/six-principles-for-making-new-things-12.jpg Graphic file (ty
pe bmp)
<../../images/six-principles-for-making-new-things-12.jpg>


[831]

[832]

[833]

[834]
Chapter 85.


[835

]

[836]

[837]

[838

]
Chapter 86.
File: ../../images/a-new-venture-animal-12.jpg Graphic file (type bmp)
<../../images/a-new-venture-animal-12.jpg>


[839]

[840]

[841]

[842]

[843]

[844]
Chapter 87.
File: ../../images/you-weren-t-meant-to-have-a-boss-12.jpg Graphic file (type b
mp)
<../../images/you-weren-t-meant-to-have-a-boss-12.jpg>


[845

]

[846]

[847]

[848]

[849]

[850]

[851]

[852]
Chapter 88.


[853

]

[854]

[855]

[856]

[857]

[858]
Chapter 89.


[859

]

[860]

[861]

[862]

[863]

[864]

[865]

[866]
Chapter 90.


[867

]

[868]

[869]

[870]

[871]

[872

]
Chapter 91.
File: ../../images/be-good-12.jpg Graphic file (type bmp)
<../../images/be-good-12.jpg>


[873]

[874]

[875]

[876]

[877]

[878]

[879]

[880]

[881]

[882

]
Chapter 92.


[883]
Underfull \hbox (badness 1466) in paragraph at lines 31149--31155
[]\TU/Baskerville(0)/m/n/12 Through the reading of popular scientific books I s
oon
 []



[884]

[885]

[886]

[887]

[888]

[889]

[890]

[891]

[892]

[893]

[894]

[895]

[896]
Chapter 93.


[897

]

[898]

[899]

[900]
Chapter 94.


[901

]

[902]

[903]

[904]

[905]

[906]

[907]

[908]

[909]

[910]
Chapter 95.


[911

]

[912]

[913]

[914]

[915]

[916

]
Chapter 96.


[917]
Underfull \hbox (badness 4805) in paragraph at lines 32332--32346
[]\TU/Baskerville(0)/m/n/12 That combination—making big decisions about things 
they don’t
 []



[918]

[919]

[920]

[921]

[922]

[923]

[924]

[925]

[926]

[927]

[928]

[929]

[930]
Chapter 97.


[931

]

[932]

[933]

[934]
Chapter 98.


[935

]

[936]

[937]

[938]
Chapter 99.


[939

]

[940]

[941]

[942]

[943]

[944

]
Chapter 100.


[945]

[946]

[947]

[948]
Chapter 101.
File: ../../images/after-credentials-12.jpg Graphic file (type bmp)
<../../images/after-credentials-12.jpg>


[949

]

[950]

[951]

[952]

[953]
Underfull \hbox (badness 2556) in paragraph at lines 33617--33627
[]\TU/Baskerville(0)/m/n/12 Startups and yuppies entered the American conceptua
l vocabulary
 []



[954]

[955]

[956]
Chapter 102.


[957

]

[958]

[959]

[960

]
Chapter 103.


[961]

[962]
Underfull \hbox (badness 1281) in paragraph at lines 33878--33883
[]\TU/Baskerville(0)/m/n/12 “Ramen profitable” means a startup makes just enoug
h to pay the
 []



[963]

[964]

[965]

[966

]
Chapter 104.


[967]

[968]

[969]

[970]

[971]

[972]

[973]

[974]
Chapter 105.


[975

]

[976]

[977]

[978]

[979]

[980]
Chapter 106.


[981

]

[982]

[983]

[984]

[985]

[986

]
Chapter 107.


[987]

[988]

[989]

[990]

[991]

[992]

[993]

[994]

[995]

[996]
Chapter 108.


[997

]

[998]

[999]

[1000

]
Chapter 109.


[1001]

[1002]

[1003]

[1004

]
Chapter 110.


[1005]

[1006]
Chapter 111.


[1007

]

[1008

]
Chapter 112.


[1009]

[1010]

[1011]

[1012]
Chapter 113.


[1013

]

[1014]

[1015]

[1016]
Chapter 114.


[1017

]

[1018]

[1019]

[1020]

[1021]

[1022

]
Chapter 115.


[1023]

[1024]
Chapter 116.


[1025

]

[1026]
Underfull \hbox (badness 1406) in paragraph at lines 35916--35919
[]\TU/Baskerville(0)/m/n/12 Architects are constantly interacting face to face 
with other people,
 []



[1027]

[1028

]
Chapter 117.


[1029]

[1030]

[1031]

[1032]

[1033]

[1034

]
Chapter 118.


[1035]

[1036]

[1037]

[1038]
Chapter 119.


[1039

]

[1040]

[1041]

[1042]

[1043]

[1044]
Chapter 120.


[1045

]

[1046]

[1047]

[1048]
Chapter 121.


[1049

]

[1050]

[1051]

[1052]

[1053]
Underfull \hbox (badness 1527) in paragraph at lines 36816--36820
\TU/Baskerville(0)/m/n/12 Assuming your product doesn’t experience the explosiv
e
 []



[1054]

[1055]

[1056]

[1057]

[1058]

[1059]

[1060]

[1061]

[1062]

[1063]

[1064]

[1065]

[1066]

[1067]

[1068

]
Chapter 122.


[1069]

[1070]

[1071]

[1072]

[1073]

[1074]

[1075]

[1076

]
Chapter 123.


[1077]

[1078]

[1079]

[1080

]
Chapter 124.


[1081]

[1082]

[1083]

[1084

]
Chapter 125.


[1085]

[1086]

[1087]

[1088]
Chapter 126.


[1089

]

[1090]

[1091]

[1092]
Chapter 127.


[1093

]

[1094]

[1095]

[1096]

[1097]

[1098]

[1099]

[1100]

[1101]

[1102]

[1103]

[1104

]
Chapter 128.


[1105]

[1106]

[1107]

[1108]

[1109]

[1110]
Chapter 129.


[1111

]

[1112]

[1113]

[1114

]
Chapter 130.


[1115]

[1116]

[1117]

[1118]
Chapter 131.


[1119

]

[1120]

[1121]

[1122]

[1123]

[1124]

[1125]

[1126]

[1127]

[1128]
Chapter 132.


[1129

]

[1130]

[1131]

[1132

]
Chapter 133.


[1133]

[1134]
Chapter 134.


[1135

]

[1136]

[1137]

[1138

]
Chapter 135.


[1139]

[1140]

[1141]

[1142]

[1143]

[1144]
Chapter 136.


[1145

]

[1146]

[1147]

[1148

]
Chapter 137.


[1149]

[1150]

[1151]

[1152]

[1153]

[1154

]
Chapter 138.


[1155]

[1156]

[1157]

[1158

]
Chapter 139.


[1159]

[1160]

[1161]

[1162

]
Chapter 140.


[1163]
Underfull \hbox (badness 1983) in paragraph at lines 40271--40296
[]\TU/Baskerville(0)/m/n/12 Like real world resourcefulness, conversational res
ourcefulness often
 []



[1164]

[1165]

[1166

]
Chapter 141.


[1167]

[1168]

[1169]

[1170]

[1171]

[1172]

[1173]

[1174]

[1175]

[1176]

[1177]

[1178

]
Chapter 142.


[1179]

[1180]

[1181]

[1182

]
Chapter 143.


[1183]

[1184]

[1185]

[1186]
Chapter 144.


[1187

]

[1188]

[1189]

[1190]
Chapter 145.


[1191

]

[1192]
Chapter 146.


[1193

]

[1194]

[1195]

[1196]

[1197]

[1198]
Chapter 147.


[1199

]

[1200]

[1201]

[1202]
Underfull \hbox (badness 1502) in paragraph at lines 41508--41520
[]\TU/Baskerville(0)/m/n/12 Eventually a successful startup will grow into a bi
g company.
 []



[1203]

[1204]

[1205]

[1206]

[1207]

[1208]

[1209]

[1210]

[1211]

[1212]

[1213]

[1214

]
Chapter 148.


[1215]

[1216]
Chapter 149.


[1217

]

[1218]

[1219]

[1220]

[1221]

[1222]

[1223]

[1224]

[1225]

[1226]

[1227]

[1228]

[1229]

[1230]

[1231]

[1232]

[1233]

[1234]

[1235]

[1236

]
Chapter 150.


[1237]

[1238]

[1239]

[1240]

[1241]

[1242]

[1243]

[1244]
Chapter 151.


[1245

]

[1246]

[1247]

[1248]

[1249]

[1250]

[1251]

[1252]

[1253]

[1254]

[1255]

[1256]
Chapter 152.


[1257

]

[1258]

[1259]

[1260]

[1261]

[1262]

[1263]

[1264]

[1265]

[1266]
Chapter 153.


[1267

]

[1268]

[1269]

[1270]
Chapter 154.


[1271

]
Underfull \hbox (badness 2680) in paragraph at lines 43962--43962
[][][]\TU/Baskerville(0)/m/n/10 The worst explosions happen when unpromising-se
eming startups encounter
 []



[1272]

[1273]

[1274]

[1275]

[1276]

[1277]

[1278]

[1279]

[1280]

[1281]

[1282]

[1283]

[1284]

[1285]

[1286]

[1287]

[1288]

[1289]

[1290]

[1291]

[1292]

[1293]

[1294]

[1295]

[1296]

[1297]

[1298

]
Chapter 155.


[1299]

[1300]

[1301]

[1302]

[1303]

[1304]

[1305]

[1306]

[1307]

[1308]

[1309]

[1310]
Chapter 156.


[1311

]

[1312]

[1313]

[1314]
Chapter 157.


[1315

]

[1316]

[1317]

[1318]

[1319]

[1320

]
Chapter 158.


[1321]

[1322]

[1323]

[1324

]
Chapter 159.


[1325]

[1326]

[1327]

[1328]
Chapter 160.


[1329

]

[1330]

[1331]

[1332

]
Chapter 161.


[1333]

[1334]

[1335]

[1336]
Chapter 162.


[1337

]

[1338]
Chapter 163.


[1339

]

[1340]

[1341]

[1342

]
Chapter 164.


[1343]

[1344]
Chapter 165.


[1345

]

[1346]

[1347]

[1348

]
Chapter 166.


[1349]

[1350]

[1351]

[1352

]
Chapter 167.


[1353]

[1354]

[1355]

[1356]

[1357]

[1358

]
Chapter 168.


[1359]

[1360]

[1361]

[1362

]
Chapter 169.


[1363]

[1364]
Chapter 170.


[1365

]

[1366]

[1367]

[1368]

[1369]

[1370]
Chapter 171.


[1371

]

[1372]

[1373]

[1374]

[1375]

[1376]

[1377]

[1378]

[1379]

[1380]

[1381]

[1382]

[1383]

[1384]

[1385]

[1386]

[1387]

[1388]

[1389]

[1390

]
Chapter 172.


[1391]

[1392]

[1393]

[1394]

[1395]

[1396]

[1397]

[1398]

[1399]

[1400

]
Chapter 173.


[1401]

[1402]

[1403]

[1404]

[1405]

[1406

]
Chapter 174.


[1407]

[1408]

[1409]

[1410]

[1411]

[1412]

[1413]

[1414

]
Chapter 175.


[1415]

[1416

]
Chapter 176.


[1417]

[1418

]
Chapter 177.


[1419]

[1420]
Chapter 178.


[1421

]

[1422]

[1423]

[1424]

[1425]

[1426]

[1427]

[1428]
Chapter 179.


[1429

]

[1430]
Chapter 180.


[1431

]

[1432]

[1433]

[1434]

[1435]

[1436]

[1437]

[1438]

[1439]

[1440]

[1441]

[1442

]
Chapter 181.


[1443]

[1444]

[1445]

[1446]

[1447]

[1448

]
Chapter 182.


[1449]

[1450

]
Chapter 183.


[1451]

[1452]

[1453]

[1454

]
Chapter 184.


[1455]

[1456]

[1457]

[1458]
Chapter 185.


[1459

]

[1460]
Chapter 186.


[1461

]

[1462]

[1463]

[1464]

[1465]

[1466]

[1467]

[1468]

[1469]

[1470

]
Chapter 187.


[1471]

[1472]
Chapter 188.


[1473

]

[1474]

[1475]

[1476

]
Chapter 189.


[1477]

[1478]

[1479]

[1480]

[1481]

[1482]
Chapter 190.


[1483

]

[1484]

[1485]

[1486

]
Chapter 191.


[1487]

[1488]

[1489]

[1490]

[1491]

[1492]

[1493]

[1494

]
Chapter 192.


[1495]

[1496]
Underfull \hbox (badness 2173) in paragraph at lines 50974--50978
[]\TU/Baskerville(0)/m/n/12 There may even be a phenomenon like Dunning-Kruger 
at work,
 []



[1497]

[1498]

[1499]

[1500]

[1501]

[1502]

[1503]

[1504]
Chapter 193.


[1505

]

[1506]

[1507]

[1508]
Chapter 194.


[1509

]

[1510]

[1511]

[1512]
Missing character: There is no ⟨ (U+27E8) in font Baskerville/AAT:mapping=tex-t
ext;!
Missing character: There is no ⟩ (U+27E9) in font Baskerville/AAT:mapping=tex-t
ext;!


[1513]

[1514]

[1515]

[1516]

[1517]

[1518

]
Chapter 195.


[1519]

[1520]

[1521]

[1522]

[1523]

[1524

]
Chapter 196.


[1525]

[1526]

[1527]

[1528]

[1529]

[1530]

[1531]

[1532]

[1533]

[1534]

[1535]

[1536]

[1537]

[1538]

[1539]

[1540]

[1541]

[1542]

[1543]

[1544]

[1545]

[1546]

[1547]

[1548]

[1549]

[1550]

[1551]

[1552]

[1553]

[1554]
Underfull \hbox (badness 1102) in paragraph at lines 53131--53140
\TU/Baskerville(0)/m/n/12 And as long as every change you made to McCarthy’s Li
sp was a
 []



[1555]

[1556]

[1557]

[1558

]
Chapter 197.


[1559]

[1560]
Chapter 198.


[1561

]

Package hyperref Warning: Suppressing empty link on input line 53292.



[1562]
Chapter 199.


[1563

]
Underfull \hbox (badness 1087) in paragraph at lines 53376--53382
[]\TU/Baskerville(0)/m/n/12 The tech companies behind the top 100 fortunes also
 form a well-
 []



[1564]

[1565]

[1566]

[1567]

[1568]

[1569]

[1570

]
Chapter 200.


[1571]

[1572]

[1573]

[1574

]
Chapter 201.


[1575]

[1576]
Chapter 202.


[1577

]

[1578]

[1579]

[1580]
Chapter 203.


[1581

]

[1582]

[1583]

[1584]
Chapter 204.


[1585

]

[1586]

[1587]

[1588]

[1589]

[1590]

[1591]

[1592

]
Chapter 205.


[1593]

[1594]

[1595]

[1596]

[1597]

[1598]

[1599]

[1600]

[1601]

[1602

]
Chapter 206.


[1603]

[1604]
Chapter 207.


[1605

]

[1606]

[1607]

[1608]
Chapter 208.


[1609

]

[1610]

[1611]

[1612]
Chapter 209.


[1613

]

[1614]

[1615]

[1616]
Chapter 210.


[1617

]

[1618]

[1619]

[1620]

[1621]

[1622]
Chapter 211.


[1623

]

[1624]

[1625]

[1626]

[1627]

[1628]

[1629]

[1630

]
Chapter 212.


[1631]

[1632]

[1633]

[1634

]
Chapter 213.


[1635]

[1636]
Chapter 214.


[1637

]

[1638]
Chapter 215.


[1639

]

[1640

]
Chapter 216.


[1641]

[1642]

[1643]

[1644]

[1645]

[1646]

[1647]

[1648]

[1649]

[1650]

[1651]

[1652]

[1653]

[1654]

[1655]

[1656]

[1657]

[1658]

[1659]

[1660]

[1661]

[1662]

[1663]

[1664]

[1665]

[1666]

[1667]

[1668]

[1669]

[1670]

[1671]

[1672

]
Chapter 217.


[1673]

[1674]

[1675]

[1676]

[1677]

[1678]

[1679]

[1680]

[1681]

[1682]

[1683]

[1684]
Chapter 218.


[1685

]

[1686]

[1687]

[1688]

[1689]

[1690]

[1691]

[1692]

[1693]

[1694]

[1695]

[1696

]
Chapter 219.


[1697]

[1698]

[1699]

[1700]

[1701]

[1702]

[1703]

[1704]
Chapter 220.


[1705

]

[1706]

[1707]

[1708]
Chapter 221.


[1709

]

[1710]

[1711]

[1712]

[1713]

[1714]
Chapter 222.


[1715

]

[1716]

[1717]

[1718]
Chapter 223.


[1719

]

[1720]

[1721]

[1722]

[1723]

[1724

]
Chapter 224.


[1725]

[1726]

[1727]

[1728

]
Chapter 225.


[1729]

[1730]

[1731]

[1732]

[1733]

[1734]

[1735]

[1736]

[1737]

[1738]

[1739]

[1740]

[1741]

[1742]

[1743]

[1744]
Chapter 226.


[1745

]

[1746]

[1747]

[1748]

[1749]

[1750

]
Chapter 227.


[1751]

[1752]

[1753]

[1754]

[1755]

[1756

]
Chapter 228.


[1757]

[1758]

[1759] (./01.aux)
 ***********
LaTeX2e <2024-11-01> patch level 2
L3 programming layer <2025-01-18>
 ***********


LaTeX Warning: There were undefined references.

Package rerunfilecheck Info: File `01.out' has not changed.
(rerunfilecheck)             Checksum: 03A5D5035289EF7216E0D08EFE73113C;37396.
 ) 
Here is how much of TeX's memory you used:
 13738 strings out of 475366
 277286 string characters out of 5762340
 777587 words of memory out of 5000000
 36540 multiletter control sequences out of 15000+600000
 563078 words of font info for 78 fonts, out of 8000000 for 9000
 319 hyphenation exceptions out of 8191
 79i,12n,93p,999b,531s stack positions out of 10000i,1000n,20000p,200000b,200000s

Output written on 01.pdf (1769 pages).
