\BOOKMARK [0][-]{chapter.1}{\376\377\000T\000h\000i\000s\000\040\000Y\000e\000a\000r\000\040\000W\000e\000\040\000C\000a\000n\000\040\000E\000n\000d\000\040\000t\000h\000e\000\040\000D\000e\000a\000t\000h\000\040\000P\000e\000n\000a\000l\000t\000y\000\040\000i\000n\000\040\000C\000a\000l\000i\000f\000o\000r\000n\000i\000a}{}% 1
\BOOKMARK [0][-]{chapter.2}{\376\377\000P\000r\000o\000g\000r\000a\000m\000m\000i\000n\000g\000\040\000B\000o\000t\000t\000o\000m\000-\000U\000p}{}% 2
\BOOKMARK [0][-]{chapter.3}{\376\377\000L\000i\000s\000p\000\040\000f\000o\000r\000\040\000W\000e\000b\000-\000B\000a\000s\000e\000d\000\040\000A\000p\000p\000l\000i\000c\000a\000t\000i\000o\000n\000s}{}% 3
\BOOKMARK [0][-]{chapter.4}{\376\377\000B\000e\000a\000t\000i\000n\000g\000\040\000t\000h\000e\000\040\000A\000v\000e\000r\000a\000g\000e\000s}{}% 4
\BOOKMARK [0][-]{chapter.5}{\376\377\000J\000a\000v\000a\000'\000s\000\040\000C\000o\000v\000e\000r}{}% 5
\BOOKMARK [0][-]{chapter.6}{\376\377\000B\000e\000i\000n\000g\000\040\000P\000o\000p\000u\000l\000a\000r}{}% 6
\BOOKMARK [0][-]{chapter.7}{\376\377\000F\000i\000v\000e\000\040\000Q\000u\000e\000s\000t\000i\000o\000n\000s\000\040\000a\000b\000o\000u\000t\000\040\000L\000a\000n\000g\000u\000a\000g\000e\000\040\000D\000e\000s\000i\000g\000n}{}% 7
\BOOKMARK [0][-]{chapter.8}{\376\377\000T\000h\000e\000\040\000R\000o\000o\000t\000s\000\040\000o\000f\000\040\000L\000i\000s\000p}{}% 8
\BOOKMARK [0][-]{chapter.9}{\376\377\000T\000h\000e\000\040\000O\000t\000h\000e\000r\000\040\000R\000o\000a\000d\000\040\000A\000h\000e\000a\000d}{}% 9
\BOOKMARK [0][-]{chapter.10}{\376\377\000W\000h\000a\000t\000\040\000M\000a\000d\000e\000\040\000L\000i\000s\000p\000\040\000D\000i\000f\000f\000e\000r\000e\000n\000t}{}% 10
\BOOKMARK [0][-]{chapter.11}{\376\377\000W\000h\000y\000\040\000A\000r\000c\000\040\000I\000s\000n\000'\000t\000\040\000E\000s\000p\000e\000c\000i\000a\000l\000l\000y\000\040\000O\000b\000j\000e\000c\000t\000-\000O\000r\000i\000e\000n\000t\000e\000d}{}% 11
\BOOKMARK [0][-]{chapter.12}{\376\377\000T\000a\000s\000t\000e\000\040\000f\000o\000r\000\040\000M\000a\000k\000e\000r\000s}{}% 12
\BOOKMARK [0][-]{chapter.13}{\376\377\000W\000h\000a\000t\000\040\000L\000a\000n\000g\000u\000a\000g\000e\000s\000\040\000F\000i\000x}{}% 13
\BOOKMARK [0][-]{chapter.14}{\376\377\000S\000u\000c\000c\000i\000n\000c\000t\000n\000e\000s\000s\000\040\000i\000s\000\040\000P\000o\000w\000e\000r}{}% 14
\BOOKMARK [0][-]{chapter.15}{\376\377\000R\000e\000v\000e\000n\000g\000e\000\040\000o\000f\000\040\000t\000h\000e\000\040\000N\000e\000r\000d\000s}{}% 15
\BOOKMARK [0][-]{chapter.16}{\376\377\000A\000\040\000P\000l\000a\000n\000\040\000f\000o\000r\000\040\000S\000p\000a\000m}{}% 16
\BOOKMARK [0][-]{chapter.17}{\376\377\000D\000e\000s\000i\000g\000n\000\040\000a\000n\000d\000\040\000R\000e\000s\000e\000a\000r\000c\000h}{}% 17
\BOOKMARK [0][-]{chapter.18}{\376\377\000B\000e\000t\000t\000e\000r\000\040\000B\000a\000y\000e\000s\000i\000a\000n\000\040\000F\000i\000l\000t\000e\000r\000i\000n\000g}{}% 18
\BOOKMARK [0][-]{chapter.19}{\376\377\000W\000h\000y\000\040\000N\000e\000r\000d\000s\000\040\000a\000r\000e\000\040\000U\000n\000p\000o\000p\000u\000l\000a\000r}{}% 19
\BOOKMARK [0][-]{chapter.20}{\376\377\000T\000h\000e\000\040\000H\000u\000n\000d\000r\000e\000d\000-\000Y\000e\000a\000r\000\040\000L\000a\000n\000g\000u\000a\000g\000e}{}% 20
\BOOKMARK [0][-]{chapter.21}{\376\377\000I\000f\000\040\000L\000i\000s\000p\000\040\000i\000s\000\040\000S\000o\000\040\000G\000r\000e\000a\000t}{}% 21
\BOOKMARK [0][-]{chapter.22}{\376\377\000H\000a\000c\000k\000e\000r\000s\000\040\000a\000n\000d\000\040\000P\000a\000i\000n\000t\000e\000r\000s}{}% 22
\BOOKMARK [0][-]{chapter.23}{\376\377\000F\000i\000l\000t\000e\000r\000s\000\040\000t\000h\000a\000t\000\040\000F\000i\000g\000h\000t\000\040\000B\000a\000c\000k}{}% 23
\BOOKMARK [0][-]{chapter.24}{\376\377\000W\000h\000a\000t\000\040\000Y\000o\000u\000\040\000C\000a\000n\000'\000t\000\040\000S\000a\000y}{}% 24
\BOOKMARK [0][-]{chapter.25}{\376\377\000T\000h\000e\000\040\000W\000o\000r\000d\000\040\000"\000H\000a\000c\000k\000e\000r\000"}{}% 25
\BOOKMARK [0][-]{chapter.26}{\376\377\000H\000o\000w\000\040\000t\000o\000\040\000M\000a\000k\000e\000\040\000W\000e\000a\000l\000t\000h}{}% 26
\BOOKMARK [0][-]{chapter.27}{\376\377\000M\000i\000n\000d\000\040\000t\000h\000e\000\040\000G\000a\000p}{}% 27
\BOOKMARK [0][-]{chapter.28}{\376\377\000G\000r\000e\000a\000t\000\040\000H\000a\000c\000k\000e\000r\000s}{}% 28
\BOOKMARK [0][-]{chapter.29}{\376\377\000T\000h\000e\000\040\000P\000y\000t\000h\000o\000n\000\040\000P\000a\000r\000a\000d\000o\000x}{}% 29
\BOOKMARK [0][-]{chapter.30}{\376\377\000T\000h\000e\000\040\000A\000g\000e\000\040\000o\000f\000\040\000t\000h\000e\000\040\000E\000s\000s\000a\000y}{}% 30
\BOOKMARK [0][-]{chapter.31}{\376\377\000W\000h\000a\000t\000\040\000t\000h\000e\000\040\000B\000u\000b\000b\000l\000e\000\040\000G\000o\000t\000\040\000R\000i\000g\000h\000t}{}% 31
\BOOKMARK [0][-]{chapter.32}{\376\377\000A\000\040\000V\000e\000r\000s\000i\000o\000n\000\040\0001\000.\0000}{}% 32
\BOOKMARK [0][-]{chapter.33}{\376\377\000B\000r\000a\000d\000l\000e\000y\000'\000s\000\040\000G\000h\000o\000s\000t}{}% 33
\BOOKMARK [0][-]{chapter.34}{\376\377\000I\000t\000'\000s\000\040\000C\000h\000a\000r\000i\000s\000m\000a\000,\000\040\000S\000t\000u\000p\000i\000d}{}% 34
\BOOKMARK [0][-]{chapter.35}{\376\377\000M\000a\000d\000e\000\040\000i\000n\000\040\000U\000S\000A}{}% 35
\BOOKMARK [0][-]{chapter.36}{\376\377\000W\000h\000a\000t\000\040\000Y\000o\000u\000'\000l\000l\000\040\000W\000i\000s\000h\000\040\000Y\000o\000u\000'\000d\000\040\000K\000n\000o\000w\000n}{}% 36
\BOOKMARK [0][-]{chapter.37}{\376\377\000H\000o\000w\000\040\000t\000o\000\040\000S\000t\000a\000r\000t\000\040\000a\000\040\000S\000t\000a\000r\000t\000u\000p}{}% 37
\BOOKMARK [0][-]{chapter.38}{\376\377\000A\000\040\000U\000n\000i\000f\000i\000e\000d\000\040\000T\000h\000e\000o\000r\000y\000\040\000o\000f\000\040\000V\000C\000\040\000S\000u\000c\000k\000a\000g\000e}{}% 38
\BOOKMARK [0][-]{chapter.39}{\376\377\000U\000n\000d\000e\000r\000g\000r\000a\000d\000u\000a\000t\000i\000o\000n}{}% 39
\BOOKMARK [0][-]{chapter.40}{\376\377\000W\000r\000i\000t\000i\000n\000g\000,\000\040\000B\000r\000i\000e\000f\000l\000y}{}% 40
\BOOKMARK [0][-]{chapter.41}{\376\377\000R\000e\000t\000u\000r\000n\000\040\000o\000f\000\040\000t\000h\000e\000\040\000M\000a\000c}{}% 41
\BOOKMARK [0][-]{chapter.42}{\376\377\000W\000h\000y\000\040\000S\000m\000a\000r\000t\000\040\000P\000e\000o\000p\000l\000e\000\040\000H\000a\000v\000e\000\040\000B\000a\000d\000\040\000I\000d\000e\000a\000s}{}% 42
\BOOKMARK [0][-]{chapter.43}{\376\377\000T\000h\000e\000\040\000S\000u\000b\000m\000a\000r\000i\000n\000e}{}% 43
\BOOKMARK [0][-]{chapter.44}{\376\377\000H\000i\000r\000i\000n\000g\000\040\000i\000s\000\040\000O\000b\000s\000o\000l\000e\000t\000e}{}% 44
\BOOKMARK [0][-]{chapter.45}{\376\377\000W\000h\000a\000t\000\040\000B\000u\000s\000i\000n\000e\000s\000s\000\040\000C\000a\000n\000\040\000L\000e\000a\000r\000n\000\040\000f\000r\000o\000m\000\040\000O\000p\000e\000n\000\040\000S\000o\000u\000r\000c\000e}{}% 45
\BOOKMARK [0][-]{chapter.46}{\376\377\000A\000f\000t\000e\000r\000\040\000t\000h\000e\000\040\000L\000a\000d\000d\000e\000r}{}% 46
\BOOKMARK [0][-]{chapter.47}{\376\377\000I\000n\000e\000q\000u\000a\000l\000i\000t\000y\000\040\000a\000n\000d\000\040\000R\000i\000s\000k}{}% 47
\BOOKMARK [0][-]{chapter.48}{\376\377\000W\000h\000a\000t\000\040\000I\000\040\000D\000i\000d\000\040\000t\000h\000i\000s\000\040\000S\000u\000m\000m\000e\000r}{}% 48
\BOOKMARK [0][-]{chapter.49}{\376\377\000I\000d\000e\000a\000s\000\040\000f\000o\000r\000\040\000S\000t\000a\000r\000t\000u\000p\000s}{}% 49
\BOOKMARK [0][-]{chapter.50}{\376\377\000T\000h\000e\000\040\000V\000e\000n\000t\000u\000r\000e\000\040\000C\000a\000p\000i\000t\000a\000l\000\040\000S\000q\000u\000e\000e\000z\000e}{}% 50
\BOOKMARK [0][-]{chapter.51}{\376\377\000H\000o\000w\000\040\000t\000o\000\040\000F\000u\000n\000d\000\040\000a\000\040\000S\000t\000a\000r\000t\000u\000p}{}% 51
\BOOKMARK [0][-]{chapter.52}{\376\377\000W\000e\000b\000\040\0002\000.\0000}{}% 52
\BOOKMARK [0][-]{chapter.53}{\376\377\000G\000o\000o\000d\000\040\000a\000n\000d\000\040\000B\000a\000d\000\040\000P\000r\000o\000c\000r\000a\000s\000t\000i\000n\000a\000t\000i\000o\000n}{}% 53
\BOOKMARK [0][-]{chapter.54}{\376\377\000H\000o\000w\000\040\000t\000o\000\040\000D\000o\000\040\000W\000h\000a\000t\000\040\000Y\000o\000u\000\040\000L\000o\000v\000e}{}% 54
\BOOKMARK [0][-]{chapter.55}{\376\377\000W\000h\000y\000\040\000Y\000C}{}% 55
\BOOKMARK [0][-]{chapter.56}{\376\377\0006\000,\0006\0003\0001\000,\0003\0007\0002}{}% 56
\BOOKMARK [0][-]{chapter.57}{\376\377\000A\000r\000e\000\040\000S\000o\000f\000t\000w\000a\000r\000e\000\040\000P\000a\000t\000e\000n\000t\000s\000\040\000E\000v\000i\000l\000?}{}% 57
\BOOKMARK [0][-]{chapter.58}{\376\377\000S\000e\000e\000\040\000R\000a\000n\000d\000o\000m\000n\000e\000s\000s}{}% 58
\BOOKMARK [0][-]{chapter.59}{\376\377\000T\000h\000e\000\040\000H\000a\000r\000d\000e\000s\000t\000\040\000L\000e\000s\000s\000o\000n\000s\000\040\000f\000o\000r\000\040\000S\000t\000a\000r\000t\000u\000p\000s\000\040\000t\000o\000\040\000L\000e\000a\000r\000n}{}% 59
\BOOKMARK [0][-]{chapter.60}{\376\377\000H\000o\000w\000\040\000t\000o\000\040\000B\000e\000\040\000S\000i\000l\000i\000c\000o\000n\000\040\000V\000a\000l\000l\000e\000y}{}% 60
\BOOKMARK [0][-]{chapter.61}{\376\377\000W\000h\000y\000\040\000S\000t\000a\000r\000t\000u\000p\000s\000\040\000C\000o\000n\000d\000e\000n\000s\000e\000\040\000i\000n\000\040\000A\000m\000e\000r\000i\000c\000a}{}% 61
\BOOKMARK [0][-]{chapter.62}{\376\377\000T\000h\000e\000\040\000P\000o\000w\000e\000r\000\040\000o\000f\000\040\000t\000h\000e\000\040\000M\000a\000r\000g\000i\000n\000a\000l}{}% 62
\BOOKMARK [0][-]{chapter.63}{\376\377\000T\000h\000e\000\040\000I\000s\000l\000a\000n\000d\000\040\000T\000e\000s\000t}{}% 63
\BOOKMARK [0][-]{chapter.64}{\376\377\000C\000o\000p\000y\000\040\000W\000h\000a\000t\000\040\000Y\000o\000u\000\040\000L\000i\000k\000e}{}% 64
\BOOKMARK [0][-]{chapter.65}{\376\377\000H\000o\000w\000\040\000t\000o\000\040\000P\000r\000e\000s\000e\000n\000t\000\040\000t\000o\000\040\000I\000n\000v\000e\000s\000t\000o\000r\000s}{}% 65
\BOOKMARK [0][-]{chapter.66}{\376\377\000A\000\040\000S\000t\000u\000d\000e\000n\000t\000'\000s\000\040\000G\000u\000i\000d\000e\000\040\000t\000o\000\040\000S\000t\000a\000r\000t\000u\000p\000s}{}% 66
\BOOKMARK [0][-]{chapter.67}{\376\377\000T\000h\000e\000\040\0001\0008\000\040\000M\000i\000s\000t\000a\000k\000e\000s\000\040\000T\000h\000a\000t\000\040\000K\000i\000l\000l\000\040\000S\000t\000a\000r\000t\000u\000p\000s}{}% 67
\BOOKMARK [0][-]{chapter.68}{\376\377\000H\000o\000w\000\040\000A\000r\000t\000\040\000C\000a\000n\000\040\000B\000e\000\040\000G\000o\000o\000d}{}% 68
\BOOKMARK [0][-]{chapter.69}{\376\377\000L\000e\000a\000r\000n\000i\000n\000g\000\040\000f\000r\000o\000m\000\040\000F\000o\000u\000n\000d\000e\000r\000s}{}% 69
\BOOKMARK [0][-]{chapter.70}{\376\377\000I\000s\000\040\000I\000t\000\040\000W\000o\000r\000t\000h\000\040\000B\000e\000i\000n\000g\000\040\000W\000i\000s\000e\000?}{}% 70
\BOOKMARK [0][-]{chapter.71}{\376\377\000W\000h\000y\000\040\000t\000o\000\040\000N\000o\000t\000\040\000N\000o\000t\000\040\000S\000t\000a\000r\000t\000\040\000a\000\040\000S\000t\000a\000r\000t\000u\000p}{}% 71
\BOOKMARK [0][-]{chapter.72}{\376\377\000M\000i\000c\000r\000o\000s\000o\000f\000t\000\040\000i\000s\000\040\000D\000e\000a\000d}{}% 72
\BOOKMARK [0][-]{chapter.73}{\376\377\000T\000w\000o\000\040\000K\000i\000n\000d\000s\000\040\000o\000f\000\040\000J\000u\000d\000g\000e\000m\000e\000n\000t}{}% 73
\BOOKMARK [0][-]{chapter.74}{\376\377\000T\000h\000e\000\040\000H\000a\000c\000k\000e\000r\000'\000s\000\040\000G\000u\000i\000d\000e\000\040\000t\000o\000\040\000I\000n\000v\000e\000s\000t\000o\000r\000s}{}% 74
\BOOKMARK [0][-]{chapter.75}{\376\377\000A\000n\000\040\000A\000l\000t\000e\000r\000n\000a\000t\000i\000v\000e\000\040\000T\000h\000e\000o\000r\000y\000\040\000o\000f\000\040\000U\000n\000i\000o\000n\000s}{}% 75
\BOOKMARK [0][-]{chapter.76}{\376\377\000T\000h\000e\000\040\000E\000q\000u\000i\000t\000y\000\040\000E\000q\000u\000a\000t\000i\000o\000n}{}% 76
\BOOKMARK [0][-]{chapter.77}{\376\377\000S\000t\000u\000f\000f}{}% 77
\BOOKMARK [0][-]{chapter.78}{\376\377\000H\000o\000l\000d\000i\000n\000g\000\040\000a\000\040\000P\000r\000o\000g\000r\000a\000m\000\040\000i\000n\000\040\000O\000n\000e\000'\000s\000\040\000H\000e\000a\000d}{}% 78
\BOOKMARK [0][-]{chapter.79}{\376\377\000H\000o\000w\000\040\000N\000o\000t\000\040\000t\000o\000\040\000D\000i\000e}{}% 79
\BOOKMARK [0][-]{chapter.80}{\376\377\000N\000e\000w\000s\000\040\000f\000r\000o\000m\000\040\000t\000h\000e\000\040\000F\000r\000o\000n\000t}{}% 80
\BOOKMARK [0][-]{chapter.81}{\376\377\000H\000o\000w\000\040\000t\000o\000\040\000D\000o\000\040\000P\000h\000i\000l\000o\000s\000o\000p\000h\000y}{}% 81
\BOOKMARK [0][-]{chapter.82}{\376\377\000T\000h\000e\000\040\000F\000u\000t\000u\000r\000e\000\040\000o\000f\000\040\000W\000e\000b\000\040\000S\000t\000a\000r\000t\000u\000p\000s}{}% 82
\BOOKMARK [0][-]{chapter.83}{\376\377\000W\000h\000y\000\040\000t\000o\000\040\000M\000o\000v\000e\000\040\000t\000o\000\040\000a\000\040\000S\000t\000a\000r\000t\000u\000p\000\040\000H\000u\000b}{}% 83
\BOOKMARK [0][-]{chapter.84}{\376\377\000S\000i\000x\000\040\000P\000r\000i\000n\000c\000i\000p\000l\000e\000s\000\040\000f\000o\000r\000\040\000M\000a\000k\000i\000n\000g\000\040\000N\000e\000w\000\040\000T\000h\000i\000n\000g\000s}{}% 84
\BOOKMARK [0][-]{chapter.85}{\376\377\000T\000r\000o\000l\000l\000s}{}% 85
\BOOKMARK [0][-]{chapter.86}{\376\377\000A\000\040\000N\000e\000w\000\040\000V\000e\000n\000t\000u\000r\000e\000\040\000A\000n\000i\000m\000a\000l}{}% 86
\BOOKMARK [0][-]{chapter.87}{\376\377\000Y\000o\000u\000\040\000W\000e\000r\000e\000n\000'\000t\000\040\000M\000e\000a\000n\000t\000\040\000t\000o\000\040\000H\000a\000v\000e\000\040\000a\000\040\000B\000o\000s\000s}{}% 87
\BOOKMARK [0][-]{chapter.88}{\376\377\000H\000o\000w\000\040\000t\000o\000\040\000D\000i\000s\000a\000g\000r\000e\000e}{}% 88
\BOOKMARK [0][-]{chapter.89}{\376\377\000S\000o\000m\000e\000\040\000H\000e\000r\000o\000e\000s}{}% 89
\BOOKMARK [0][-]{chapter.90}{\376\377\000W\000h\000y\000\040\000T\000h\000e\000r\000e\000\040\000A\000r\000e\000n\000'\000t\000\040\000M\000o\000r\000e\000\040\000G\000o\000o\000g\000l\000e\000s}{}% 90
\BOOKMARK [0][-]{chapter.91}{\376\377\000B\000e\000\040\000G\000o\000o\000d}{}% 91
\BOOKMARK [0][-]{chapter.92}{\376\377\000L\000i\000e\000s\000\040\000W\000e\000\040\000T\000e\000l\000l\000\040\000K\000i\000d\000s}{}% 92
\BOOKMARK [0][-]{chapter.93}{\376\377\000D\000i\000s\000c\000o\000n\000n\000e\000c\000t\000i\000n\000g\000\040\000D\000i\000s\000t\000r\000a\000c\000t\000i\000o\000n}{}% 93
\BOOKMARK [0][-]{chapter.94}{\376\377\000C\000i\000t\000i\000e\000s\000\040\000a\000n\000d\000\040\000A\000m\000b\000i\000t\000i\000o\000n}{}% 94
\BOOKMARK [0][-]{chapter.95}{\376\377\000T\000h\000e\000\040\000P\000o\000o\000l\000e\000d\000-\000R\000i\000s\000k\000\040\000C\000o\000m\000p\000a\000n\000y\000\040\000M\000a\000n\000a\000g\000e\000m\000e\000n\000t\000\040\000C\000o\000m\000p\000a\000n\000y}{}% 95
\BOOKMARK [0][-]{chapter.96}{\376\377\000A\000\040\000F\000u\000n\000d\000r\000a\000i\000s\000i\000n\000g\000\040\000S\000u\000r\000v\000i\000v\000a\000l\000\040\000G\000u\000i\000d\000e}{}% 96
\BOOKMARK [0][-]{chapter.97}{\376\377\000W\000h\000y\000\040\000t\000o\000\040\000S\000t\000a\000r\000t\000\040\000a\000\040\000S\000t\000a\000r\000t\000u\000p\000\040\000i\000n\000\040\000a\000\040\000B\000a\000d\000\040\000E\000c\000o\000n\000o\000m\000y}{}% 97
\BOOKMARK [0][-]{chapter.98}{\376\377\000T\000h\000e\000\040\000O\000t\000h\000e\000r\000\040\000H\000a\000l\000f\000\040\000o\000f\000\040\000"\000A\000r\000t\000i\000s\000t\000s\000\040\000S\000h\000i\000p\000"\000\040}{}% 98
\BOOKMARK [0][-]{chapter.99}{\376\377\000T\000h\000e\000\040\000H\000i\000g\000h\000-\000R\000e\000s\000\040\000S\000o\000c\000i\000e\000t\000y}{}% 99
\BOOKMARK [0][-]{chapter.100}{\376\377\000C\000o\000u\000l\000d\000\040\000V\000C\000\040\000b\000e\000\040\000a\000\040\000C\000a\000s\000u\000a\000l\000t\000y\000\040\000o\000f\000\040\000t\000h\000e\000\040\000R\000e\000c\000e\000s\000s\000i\000o\000n\000?}{}% 100
\BOOKMARK [0][-]{chapter.101}{\376\377\000A\000f\000t\000e\000r\000\040\000C\000r\000e\000d\000e\000n\000t\000i\000a\000l\000s}{}% 101
\BOOKMARK [0][-]{chapter.102}{\376\377\000K\000e\000e\000p\000\040\000Y\000o\000u\000r\000\040\000I\000d\000e\000n\000t\000i\000t\000y\000\040\000S\000m\000a\000l\000l\000\040}{}% 102
\BOOKMARK [0][-]{chapter.103}{\376\377\000S\000t\000a\000r\000t\000u\000p\000s\000\040\000i\000n\000\040\0001\0003\000\040\000S\000e\000n\000t\000e\000n\000c\000e\000s}{}% 103
\BOOKMARK [0][-]{chapter.104}{\376\377\000W\000h\000a\000t\000\040\000I\000'\000v\000e\000\040\000L\000e\000a\000r\000n\000e\000d\000\040\000f\000r\000o\000m\000\040\000H\000a\000c\000k\000e\000r\000\040\000N\000e\000w\000s}{}% 104
\BOOKMARK [0][-]{chapter.105}{\376\377\000C\000a\000n\000\040\000Y\000o\000u\000\040\000B\000u\000y\000\040\000a\000\040\000S\000i\000l\000i\000c\000o\000n\000\040\000V\000a\000l\000l\000e\000y\000?\000\040\000M\000a\000y\000b\000e\000.}{}% 105
\BOOKMARK [0][-]{chapter.106}{\376\377\000W\000h\000y\000\040\000T\000V\000\040\000L\000o\000s\000t}{}% 106
\BOOKMARK [0][-]{chapter.107}{\376\377\000H\000o\000w\000\040\000t\000o\000\040\000B\000e\000\040\000a\000n\000\040\000A\000n\000g\000e\000l\000\040\000I\000n\000v\000e\000s\000t\000o\000r}{}% 107
\BOOKMARK [0][-]{chapter.108}{\376\377\000R\000e\000l\000e\000n\000t\000l\000e\000s\000s\000l\000y\000\040\000R\000e\000s\000o\000u\000r\000c\000e\000f\000u\000l}{}% 108
\BOOKMARK [0][-]{chapter.109}{\376\377\000F\000i\000v\000e\000\040\000F\000o\000u\000n\000d\000e\000r\000s}{}% 109
\BOOKMARK [0][-]{chapter.110}{\376\377\000T\000h\000e\000\040\000F\000o\000u\000n\000d\000e\000r\000\040\000V\000i\000s\000a}{}% 110
\BOOKMARK [0][-]{chapter.111}{\376\377\000W\000h\000y\000\040\000T\000w\000i\000t\000t\000e\000r\000\040\000i\000s\000\040\000a\000\040\000B\000i\000g\000\040\000D\000e\000a\000l}{}% 111
\BOOKMARK [0][-]{chapter.112}{\376\377\000A\000\040\000L\000o\000c\000a\000l\000\040\000R\000e\000v\000o\000l\000u\000t\000i\000o\000n\000?}{}% 112
\BOOKMARK [0][-]{chapter.113}{\376\377\000M\000a\000k\000e\000r\000'\000s\000\040\000S\000c\000h\000e\000d\000u\000l\000e\000,\000\040\000M\000a\000n\000a\000g\000e\000r\000'\000s\000\040\000S\000c\000h\000e\000d\000u\000l\000e\000\040}{}% 113
\BOOKMARK [0][-]{chapter.114}{\376\377\000R\000a\000m\000e\000n\000\040\000P\000r\000o\000f\000i\000t\000a\000b\000l\000e}{}% 114
\BOOKMARK [0][-]{chapter.115}{\376\377\000T\000h\000e\000\040\000T\000r\000o\000u\000b\000l\000e\000\040\000w\000i\000t\000h\000\040\000t\000h\000e\000\040\000S\000e\000g\000w\000a\000y}{}% 115
\BOOKMARK [0][-]{chapter.116}{\376\377\000W\000h\000a\000t\000\040\000K\000a\000t\000e\000\040\000S\000a\000w\000\040\000i\000n\000\040\000S\000i\000l\000i\000c\000o\000n\000\040\000V\000a\000l\000l\000e\000y\000\040}{}% 116
\BOOKMARK [0][-]{chapter.117}{\376\377\000T\000h\000e\000\040\000A\000n\000a\000t\000o\000m\000y\000\040\000o\000f\000\040\000D\000e\000t\000e\000r\000m\000i\000n\000a\000t\000i\000o\000n\000\040}{}% 117
\BOOKMARK [0][-]{chapter.118}{\376\377\000T\000h\000e\000\040\000L\000i\000s\000t\000\040\000o\000f\000\040\000N\000\040\000T\000h\000i\000n\000g\000s}{}% 118
\BOOKMARK [0][-]{chapter.119}{\376\377\000P\000o\000s\000t\000-\000M\000e\000d\000i\000u\000m\000\040\000P\000u\000b\000l\000i\000s\000h\000i\000n\000g}{}% 119
\BOOKMARK [0][-]{chapter.120}{\376\377\000P\000e\000r\000s\000u\000a\000d\000e\000\040\000x\000o\000r\000\040\000D\000i\000s\000c\000o\000v\000e\000r\000\040}{}% 120
\BOOKMARK [0][-]{chapter.121}{\376\377\000W\000h\000a\000t\000\040\000S\000t\000a\000r\000t\000u\000p\000s\000\040\000A\000r\000e\000\040\000R\000e\000a\000l\000l\000y\000\040\000L\000i\000k\000e}{}% 121
\BOOKMARK [0][-]{chapter.122}{\376\377\000A\000p\000p\000l\000e\000'\000s\000\040\000M\000i\000s\000t\000a\000k\000e}{}% 122
\BOOKMARK [0][-]{chapter.123}{\376\377\000O\000r\000g\000a\000n\000i\000c\000\040\000S\000t\000a\000r\000t\000u\000p\000\040\000I\000d\000e\000a\000s}{}% 123
\BOOKMARK [0][-]{chapter.124}{\376\377\000H\000o\000w\000\040\000t\000o\000\040\000L\000o\000s\000e\000\040\000T\000i\000m\000e\000\040\000a\000n\000d\000\040\000M\000o\000n\000e\000y\000\040}{}% 124
\BOOKMARK [0][-]{chapter.125}{\376\377\000T\000h\000e\000\040\000T\000o\000p\000\040\000I\000d\000e\000a\000\040\000i\000n\000\040\000Y\000o\000u\000r\000\040\000M\000i\000n\000d\000\040}{}% 125
\BOOKMARK [0][-]{chapter.126}{\376\377\000T\000h\000e\000\040\000A\000c\000c\000e\000l\000e\000r\000a\000t\000i\000o\000n\000\040\000o\000f\000\040\000A\000d\000d\000i\000c\000t\000i\000v\000e\000n\000e\000s\000s}{}% 126
\BOOKMARK [0][-]{chapter.127}{\376\377\000T\000h\000e\000\040\000F\000u\000t\000u\000r\000e\000\040\000o\000f\000\040\000S\000t\000a\000r\000t\000u\000p\000\040\000F\000u\000n\000d\000i\000n\000g\000\040}{}% 127
\BOOKMARK [0][-]{chapter.128}{\376\377\000W\000h\000a\000t\000\040\000H\000a\000p\000p\000e\000n\000e\000d\000\040\000t\000o\000\040\000Y\000a\000h\000o\000o\000\040}{}% 128
\BOOKMARK [0][-]{chapter.129}{\376\377\000H\000i\000g\000h\000\040\000R\000e\000s\000o\000l\000u\000t\000i\000o\000n\000\040\000F\000u\000n\000d\000r\000a\000i\000s\000i\000n\000g\000\040}{}% 129
\BOOKMARK [0][-]{chapter.130}{\376\377\000W\000h\000e\000r\000e\000\040\000t\000o\000\040\000S\000e\000e\000\040\000S\000i\000l\000i\000c\000o\000n\000\040\000V\000a\000l\000l\000e\000y}{}% 130
\BOOKMARK [0][-]{chapter.131}{\376\377\000T\000h\000e\000\040\000N\000e\000w\000\040\000F\000u\000n\000d\000i\000n\000g\000\040\000L\000a\000n\000d\000s\000c\000a\000p\000e}{}% 131
\BOOKMARK [0][-]{chapter.132}{\376\377\000W\000h\000a\000t\000\040\000W\000e\000\040\000L\000o\000o\000k\000\040\000f\000o\000r\000\040\000i\000n\000\040\000F\000o\000u\000n\000d\000e\000r\000s}{}% 132
\BOOKMARK [0][-]{chapter.133}{\376\377\000T\000a\000b\000l\000e\000t\000s}{}% 133
\BOOKMARK [0][-]{chapter.134}{\376\377\000F\000o\000u\000n\000d\000e\000r\000\040\000C\000o\000n\000t\000r\000o\000l}{}% 134
\BOOKMARK [0][-]{chapter.135}{\376\377\000S\000u\000b\000j\000e\000c\000t\000:\000\040\000A\000i\000r\000b\000n\000b}{}% 135
\BOOKMARK [0][-]{chapter.136}{\376\377\000T\000h\000e\000\040\000P\000a\000t\000e\000n\000t\000\040\000P\000l\000e\000d\000g\000e}{}% 136
\BOOKMARK [0][-]{chapter.137}{\376\377\000W\000h\000y\000\040\000S\000t\000a\000r\000t\000u\000p\000\040\000H\000u\000b\000s\000\040\000W\000o\000r\000k}{}% 137
\BOOKMARK [0][-]{chapter.138}{\376\377\000S\000n\000a\000p\000s\000h\000o\000t\000:\000\040\000V\000i\000a\000w\000e\000b\000,\000\040\000J\000u\000n\000e\000\040\0001\0009\0009\0008}{}% 138
\BOOKMARK [0][-]{chapter.139}{\376\377\000S\000c\000h\000l\000e\000p\000\040\000B\000l\000i\000n\000d\000n\000e\000s\000s}{}% 139
\BOOKMARK [0][-]{chapter.140}{\376\377\000A\000\040\000W\000o\000r\000d\000\040\000t\000o\000\040\000t\000h\000e\000\040\000R\000e\000s\000o\000u\000r\000c\000e\000f\000u\000l}{}% 140
\BOOKMARK [0][-]{chapter.141}{\376\377\000F\000r\000i\000g\000h\000t\000e\000n\000i\000n\000g\000l\000y\000\040\000A\000m\000b\000i\000t\000i\000o\000u\000s\000\040\000S\000t\000a\000r\000t\000u\000p\000\040\000I\000d\000e\000a\000s}{}% 141
\BOOKMARK [0][-]{chapter.142}{\376\377\000D\000e\000f\000i\000n\000i\000n\000g\000\040\000P\000r\000o\000p\000e\000r\000t\000y}{}% 142
\BOOKMARK [0][-]{chapter.143}{\376\377\000H\000o\000w\000\040\000Y\000\040\000C\000o\000m\000b\000i\000n\000a\000t\000o\000r\000\040\000S\000t\000a\000r\000t\000e\000d}{}% 143
\BOOKMARK [0][-]{chapter.144}{\376\377\000W\000r\000i\000t\000i\000n\000g\000\040\000a\000n\000d\000\040\000S\000p\000e\000a\000k\000i\000n\000g}{}% 144
\BOOKMARK [0][-]{chapter.145}{\376\377\000T\000h\000e\000\040\000T\000o\000p\000\040\000o\000f\000\040\000M\000y\000\040\000T\000o\000d\000o\000\040\000L\000i\000s\000t}{}% 145
\BOOKMARK [0][-]{chapter.146}{\376\377\000B\000l\000a\000c\000k\000\040\000S\000w\000a\000n\000\040\000F\000a\000r\000m\000i\000n\000g}{}% 146
\BOOKMARK [0][-]{chapter.147}{\376\377\000S\000t\000a\000r\000t\000u\000p\000\040\000=\000\040\000G\000r\000o\000w\000t\000h}{}% 147
\BOOKMARK [0][-]{chapter.148}{\376\377\000T\000h\000e\000\040\000H\000a\000r\000d\000w\000a\000r\000e\000\040\000R\000e\000n\000a\000i\000s\000s\000a\000n\000c\000e}{}% 148
\BOOKMARK [0][-]{chapter.149}{\376\377\000H\000o\000w\000\040\000t\000o\000\040\000G\000e\000t\000\040\000S\000t\000a\000r\000t\000u\000p\000\040\000I\000d\000e\000a\000s}{}% 149
\BOOKMARK [0][-]{chapter.150}{\376\377\000S\000t\000a\000r\000t\000u\000p\000\040\000I\000n\000v\000e\000s\000t\000i\000n\000g\000\040\000T\000r\000e\000n\000d\000s}{}% 150
\BOOKMARK [0][-]{chapter.151}{\376\377\000D\000o\000\040\000T\000h\000i\000n\000g\000s\000\040\000t\000h\000a\000t\000\040\000D\000o\000n\000'\000t\000\040\000S\000c\000a\000l\000e}{}% 151
\BOOKMARK [0][-]{chapter.152}{\376\377\000H\000o\000w\000\040\000t\000o\000\040\000C\000o\000n\000v\000i\000n\000c\000e\000\040\000I\000n\000v\000e\000s\000t\000o\000r\000s}{}% 152
\BOOKMARK [0][-]{chapter.153}{\376\377\000I\000n\000v\000e\000s\000t\000o\000r\000\040\000H\000e\000r\000d\000\040\000D\000y\000n\000a\000m\000i\000c\000s}{}% 153
\BOOKMARK [0][-]{chapter.154}{\376\377\000H\000o\000w\000\040\000t\000o\000\040\000R\000a\000i\000s\000e\000\040\000M\000o\000n\000e\000y}{}% 154
\BOOKMARK [0][-]{chapter.155}{\376\377\000B\000e\000f\000o\000r\000e\000\040\000t\000h\000e\000\040\000S\000t\000a\000r\000t\000u\000p}{}% 155
\BOOKMARK [0][-]{chapter.156}{\376\377\000M\000e\000a\000n\000\040\000P\000e\000o\000p\000l\000e\000\040\000F\000a\000i\000l}{}% 156
\BOOKMARK [0][-]{chapter.157}{\376\377\000T\000h\000e\000\040\000F\000a\000t\000a\000l\000\040\000P\000i\000n\000c\000h}{}% 157
\BOOKMARK [0][-]{chapter.158}{\376\377\000H\000o\000w\000\040\000Y\000o\000u\000\040\000K\000n\000o\000w}{}% 158
\BOOKMARK [0][-]{chapter.159}{\376\377\000H\000o\000w\000\040\000t\000o\000\040\000B\000e\000\040\000a\000n\000\040\000E\000x\000p\000e\000r\000t\000\040\000i\000n\000\040\000a\000\040\000C\000h\000a\000n\000g\000i\000n\000g\000\040\000W\000o\000r\000l\000d}{}% 159
\BOOKMARK [0][-]{chapter.160}{\376\377\000L\000e\000t\000\040\000t\000h\000e\000\040\000O\000t\000h\000e\000r\000\040\0009\0005\000\045\000\040\000o\000f\000\040\000G\000r\000e\000a\000t\000\040\000P\000r\000o\000g\000r\000a\000m\000m\000e\000r\000s\000\040\000I\000n}{}% 160
\BOOKMARK [0][-]{chapter.161}{\376\377\000D\000o\000n\000'\000t\000\040\000T\000a\000l\000k\000\040\000t\000o\000\040\000C\000o\000r\000p\000\040\000D\000e\000v}{}% 161
\BOOKMARK [0][-]{chapter.162}{\376\377\000W\000h\000a\000t\000\040\000D\000o\000e\000s\000n\000'\000t\000\040\000S\000e\000e\000m\000\040\000L\000i\000k\000e\000\040\000W\000o\000r\000k\000?}{}% 162
\BOOKMARK [0][-]{chapter.163}{\376\377\000T\000h\000e\000\040\000R\000o\000n\000c\000o\000\040\000P\000r\000i\000n\000c\000i\000p\000l\000e}{}% 163
\BOOKMARK [0][-]{chapter.164}{\376\377\000W\000h\000a\000t\000\040\000M\000i\000c\000r\000o\000s\000o\000f\000t\000\040\000I\000s\000\040\000t\000h\000i\000s\000\040\000t\000h\000e\000\040\000A\000l\000t\000a\000i\000r\000\040\000B\000a\000s\000i\000c\000\040\000o\000f\000?}{}% 164
\BOOKMARK [0][-]{chapter.165}{\376\377\000C\000h\000a\000n\000g\000e\000\040\000Y\000o\000u\000r\000\040\000N\000a\000m\000e}{}% 165
\BOOKMARK [0][-]{chapter.166}{\376\377\000W\000h\000y\000\040\000I\000t\000'\000s\000\040\000S\000a\000f\000e\000\040\000f\000o\000r\000\040\000F\000o\000u\000n\000d\000e\000r\000s\000\040\000t\000o\000\040\000B\000e\000\040\000N\000i\000c\000e}{}% 166
\BOOKMARK [0][-]{chapter.167}{\376\377\000D\000e\000f\000a\000u\000l\000t\000\040\000A\000l\000i\000v\000e\000\040\000o\000r\000\040\000D\000e\000f\000a\000u\000l\000t\000\040\000D\000e\000a\000d\000?}{}% 167
\BOOKMARK [0][-]{chapter.168}{\376\377\000W\000r\000i\000t\000e\000\040\000L\000i\000k\000e\000\040\000Y\000o\000u\000\040\000T\000a\000l\000k}{}% 168
\BOOKMARK [0][-]{chapter.169}{\376\377\000A\000\040\000W\000a\000y\000\040\000t\000o\000\040\000D\000e\000t\000e\000c\000t\000\040\000B\000i\000a\000s}{}% 169
\BOOKMARK [0][-]{chapter.170}{\376\377\000J\000e\000s\000s\000i\000c\000a\000\040\000L\000i\000v\000i\000n\000g\000s\000t\000o\000n}{}% 170
\BOOKMARK [0][-]{chapter.171}{\376\377\000T\000h\000e\000\040\000R\000e\000f\000r\000a\000g\000m\000e\000n\000t\000a\000t\000i\000o\000n}{}% 171
\BOOKMARK [0][-]{chapter.172}{\376\377\000E\000c\000o\000n\000o\000m\000i\000c\000\040\000I\000n\000e\000q\000u\000a\000l\000i\000t\000y}{}% 172
\BOOKMARK [0][-]{chapter.173}{\376\377\000L\000i\000f\000e\000\040\000i\000s\000\040\000S\000h\000o\000r\000t}{}% 173
\BOOKMARK [0][-]{chapter.174}{\376\377\000H\000o\000w\000\040\000t\000o\000\040\000M\000a\000k\000e\000\040\000P\000i\000t\000t\000s\000b\000u\000r\000g\000h\000\040\000a\000\040\000S\000t\000a\000r\000t\000u\000p\000\040\000H\000u\000b}{}% 174
\BOOKMARK [0][-]{chapter.175}{\376\377\000T\000h\000e\000\040\000R\000i\000s\000k\000\040\000o\000f\000\040\000D\000i\000s\000c\000o\000v\000e\000r\000y}{}% 175
\BOOKMARK [0][-]{chapter.176}{\376\377\000C\000h\000a\000r\000i\000s\000m\000a\000\040\000/\000\040\000P\000o\000w\000e\000r}{}% 176
\BOOKMARK [0][-]{chapter.177}{\376\377\000G\000e\000n\000e\000r\000a\000l\000\040\000a\000n\000d\000\040\000S\000u\000r\000p\000r\000i\000s\000i\000n\000g}{}% 177
\BOOKMARK [0][-]{chapter.178}{\376\377\000T\000h\000e\000\040\000B\000u\000s\000\040\000T\000i\000c\000k\000e\000t\000\040\000T\000h\000e\000o\000r\000y\000\040\000o\000f\000\040\000G\000e\000n\000i\000u\000s}{}% 178
\BOOKMARK [0][-]{chapter.179}{\376\377\000N\000o\000v\000e\000l\000t\000y\000\040\000a\000n\000d\000\040\000H\000e\000r\000e\000s\000y}{}% 179
\BOOKMARK [0][-]{chapter.180}{\376\377\000T\000h\000e\000\040\000L\000e\000s\000s\000o\000n\000\040\000t\000o\000\040\000U\000n\000l\000e\000a\000r\000n}{}% 180
\BOOKMARK [0][-]{chapter.181}{\376\377\000H\000a\000v\000i\000n\000g\000\040\000K\000i\000d\000s}{}% 181
\BOOKMARK [0][-]{chapter.182}{\376\377\000F\000a\000s\000h\000i\000o\000n\000a\000b\000l\000e\000\040\000P\000r\000o\000b\000l\000e\000m\000s}{}% 182
\BOOKMARK [0][-]{chapter.183}{\376\377\000T\000h\000e\000\040\000T\000w\000o\000\040\000K\000i\000n\000d\000s\000\040\000o\000f\000\040\000M\000o\000d\000e\000r\000a\000t\000e}{}% 183
\BOOKMARK [0][-]{chapter.184}{\376\377\000H\000a\000t\000e\000r\000s}{}% 184
\BOOKMARK [0][-]{chapter.185}{\376\377\000B\000e\000i\000n\000g\000\040\000a\000\040\000N\000o\000o\000b}{}% 185
\BOOKMARK [0][-]{chapter.186}{\376\377\000H\000o\000w\000\040\000t\000o\000\040\000W\000r\000i\000t\000e\000\040\000U\000s\000e\000f\000u\000l\000l\000y}{}% 186
\BOOKMARK [0][-]{chapter.187}{\376\377\000C\000o\000r\000o\000n\000a\000v\000i\000r\000u\000s\000\040\000a\000n\000d\000\040\000C\000r\000e\000d\000i\000b\000i\000l\000i\000t\000y}{}% 187
\BOOKMARK [0][-]{chapter.188}{\376\377\000O\000r\000t\000h\000o\000d\000o\000x\000\040\000P\000r\000i\000v\000i\000l\000e\000g\000e}{}% 188
\BOOKMARK [0][-]{chapter.189}{\376\377\000T\000h\000e\000\040\000F\000o\000u\000r\000\040\000Q\000u\000a\000d\000r\000a\000n\000t\000s\000\040\000o\000f\000\040\000C\000o\000n\000f\000o\000r\000m\000i\000s\000m}{}% 189
\BOOKMARK [0][-]{chapter.190}{\376\377\000M\000o\000d\000e\000l\000i\000n\000g\000\040\000a\000\040\000W\000e\000a\000l\000t\000h\000\040\000T\000a\000x}{}% 190
\BOOKMARK [0][-]{chapter.191}{\376\377\000E\000a\000r\000l\000y\000\040\000W\000o\000r\000k}{}% 191
\BOOKMARK [0][-]{chapter.192}{\376\377\000H\000o\000w\000\040\000t\000o\000\040\000T\000h\000i\000n\000k\000\040\000f\000o\000r\000\040\000Y\000o\000u\000r\000s\000e\000l\000f}{}% 192
\BOOKMARK [0][-]{chapter.193}{\376\377\000T\000h\000e\000\040\000A\000i\000r\000b\000n\000b\000s}{}% 193
\BOOKMARK [0][-]{chapter.194}{\376\377\000B\000i\000l\000l\000i\000o\000n\000a\000i\000r\000e\000s\000\040\000B\000u\000i\000l\000d}{}% 194
\BOOKMARK [0][-]{chapter.195}{\376\377\000E\000a\000r\000n\000e\000s\000t\000n\000e\000s\000s}{}% 195
\BOOKMARK [0][-]{chapter.196}{\376\377\000W\000h\000a\000t\000\040\000I\000\040\000W\000o\000r\000k\000e\000d\000\040\000O\000n}{}% 196
\BOOKMARK [0][-]{chapter.197}{\376\377\000D\000o\000n\000a\000t\000e\000\040\000U\000n\000r\000e\000s\000t\000r\000i\000c\000t\000e\000d}{}% 197
\BOOKMARK [0][-]{chapter.198}{\376\377\000W\000r\000i\000t\000e\000\040\000S\000i\000m\000p\000l\000y}{}% 198
\BOOKMARK [0][-]{chapter.199}{\376\377\000H\000o\000w\000\040\000P\000e\000o\000p\000l\000e\000\040\000G\000e\000t\000\040\000R\000i\000c\000h\000\040\000N\000o\000w}{}% 199
\BOOKMARK [0][-]{chapter.200}{\376\377\000T\000h\000e\000\040\000R\000e\000a\000l\000\040\000R\000e\000a\000s\000o\000n\000\040\000t\000o\000\040\000E\000n\000d\000\040\000t\000h\000e\000\040\000D\000e\000a\000t\000h\000\040\000P\000e\000n\000a\000l\000t\000y}{}% 200
\BOOKMARK [0][-]{chapter.201}{\376\377\000A\000n\000\040\000N\000F\000T\000\040\000T\000h\000a\000t\000\040\000S\000a\000v\000e\000s\000\040\000L\000i\000v\000e\000s}{}% 201
\BOOKMARK [0][-]{chapter.202}{\376\377\000C\000r\000a\000z\000y\000\040\000N\000e\000w\000\040\000I\000d\000e\000a\000s}{}% 202
\BOOKMARK [0][-]{chapter.203}{\376\377\000F\000i\000e\000r\000c\000e\000\040\000N\000e\000r\000d\000s}{}% 203
\BOOKMARK [0][-]{chapter.204}{\376\377\000A\000\040\000P\000r\000o\000j\000e\000c\000t\000\040\000o\000f\000\040\000O\000n\000e\000'\000s\000\040\000O\000w\000n}{}% 204
\BOOKMARK [0][-]{chapter.205}{\376\377\000H\000o\000w\000\040\000t\000o\000\040\000W\000o\000r\000k\000\040\000H\000a\000r\000d}{}% 205
\BOOKMARK [0][-]{chapter.206}{\376\377\000W\000e\000i\000r\000d\000\040\000L\000a\000n\000g\000u\000a\000g\000e\000s}{}% 206
\BOOKMARK [0][-]{chapter.207}{\376\377\000B\000e\000y\000o\000n\000d\000\040\000S\000m\000a\000r\000t}{}% 207
\BOOKMARK [0][-]{chapter.208}{\376\377\000I\000s\000\040\000T\000h\000e\000r\000e\000\040\000S\000u\000c\000h\000\040\000a\000\040\000T\000h\000i\000n\000g\000\040\000a\000s\000\040\000G\000o\000o\000d\000\040\000T\000a\000s\000t\000e\000?}{}% 208
\BOOKMARK [0][-]{chapter.209}{\376\377\000P\000u\000t\000t\000i\000n\000g\000\040\000I\000d\000e\000a\000s\000\040\000i\000n\000t\000o\000\040\000W\000o\000r\000d\000s}{}% 209
\BOOKMARK [0][-]{chapter.210}{\376\377\000H\000e\000r\000e\000s\000y}{}% 210
\BOOKMARK [0][-]{chapter.211}{\376\377\000W\000h\000a\000t\000\040\000I\000'\000v\000e\000\040\000L\000e\000a\000r\000n\000e\000d\000\040\000f\000r\000o\000m\000\040\000U\000s\000e\000r\000s}{}% 211
\BOOKMARK [0][-]{chapter.212}{\376\377\000A\000l\000i\000e\000n\000\040\000T\000r\000u\000t\000h}{}% 212
\BOOKMARK [0][-]{chapter.213}{\376\377\000W\000h\000a\000t\000\040\000Y\000o\000u\000\040\000\050\000W\000a\000n\000t\000\040\000t\000o\000\051\000*\000\040\000W\000a\000n\000t}{}% 213
\BOOKMARK [0][-]{chapter.214}{\376\377\000T\000h\000e\000\040\000N\000e\000e\000d\000\040\000t\000o\000\040\000R\000e\000a\000d}{}% 214
\BOOKMARK [0][-]{chapter.215}{\376\377\000H\000o\000w\000\040\000t\000o\000\040\000G\000e\000t\000\040\000N\000e\000w\000\040\000I\000d\000e\000a\000s}{}% 215
\BOOKMARK [0][-]{chapter.216}{\376\377\000H\000o\000w\000\040\000t\000o\000\040\000D\000o\000\040\000G\000r\000e\000a\000t\000\040\000W\000o\000r\000k}{}% 216
\BOOKMARK [0][-]{chapter.217}{\376\377\000S\000u\000p\000e\000r\000l\000i\000n\000e\000a\000r\000\040\000R\000e\000t\000u\000r\000n\000s}{}% 217
\BOOKMARK [0][-]{chapter.218}{\376\377\000T\000h\000e\000\040\000B\000e\000s\000t\000\040\000E\000s\000s\000a\000y}{}% 218
\BOOKMARK [0][-]{chapter.219}{\376\377\000H\000o\000w\000\040\000t\000o\000\040\000S\000t\000a\000r\000t\000\040\000G\000o\000o\000g\000l\000e}{}% 219
\BOOKMARK [0][-]{chapter.220}{\376\377\000T\000h\000e\000\040\000R\000e\000d\000d\000i\000t\000s}{}% 220
\BOOKMARK [0][-]{chapter.221}{\376\377\000T\000h\000e\000\040\000R\000i\000g\000h\000t\000\040\000K\000i\000n\000d\000\040\000o\000f\000\040\000S\000t\000u\000b\000b\000o\000r\000n}{}% 221
\BOOKMARK [0][-]{chapter.222}{\376\377\000F\000o\000u\000n\000d\000e\000r\000\040\000M\000o\000d\000e}{}% 222
\BOOKMARK [0][-]{chapter.223}{\376\377\000W\000h\000e\000n\000\040\000T\000o\000\040\000D\000o\000\040\000W\000h\000a\000t\000\040\000Y\000o\000u\000\040\000L\000o\000v\000e}{}% 223
\BOOKMARK [0][-]{chapter.224}{\376\377\000W\000r\000i\000t\000e\000s\000\040\000a\000n\000d\000\040\000W\000r\000i\000t\000e\000-\000N\000o\000t\000s}{}% 224
\BOOKMARK [0][-]{chapter.225}{\376\377\000T\000h\000e\000\040\000O\000r\000i\000g\000i\000n\000s\000\040\000o\000f\000\040\000W\000o\000k\000e\000n\000e\000s\000s}{}% 225
\BOOKMARK [0][-]{chapter.226}{\376\377\000W\000h\000a\000t\000\040\000t\000o\000\040\000D\000o}{}% 226
\BOOKMARK [0][-]{chapter.227}{\376\377\000G\000o\000o\000d\000\040\000W\000r\000i\000t\000i\000n\000g}{}% 227
\BOOKMARK [0][-]{chapter.228}{\376\377\000T\000h\000e\000\040\000S\000h\000a\000p\000e\000\040\000o\000f\000\040\000t\000h\000e\000\040\000E\000s\000s\000a\000y\000\040\000F\000i\000e\000l\000d}{}% 228
